data/saved_data/run_2025_05_06_1909_new_prod_but_no_zeros/firm_data.csv
Step,AgentID,FirmType,Profit,Inventory,ProductPrice,RevenuePerEmployee,ProductionLevel,NumEmployees,DemandReceived,InventoryDemandRatio,SellThroughRate,ProductionCapacity,Revenue,Costs,Markup,ProducedUnits,IncomeBracket,NumPeople,SpendRatio,PostTaxIncome,HouseholdExpense,HouseholdSavings,HealthLevel,Welfare,SkillLevel,SkillType,JobLevel,IsEmployed,Wage
4,7,necessity,208041.88263939804,0.0,893.7950500727408,7487.6344407114375,0.1,89.0,675.0,,,6806.0,658911.8307826065,450869.94814320846,0.35,681.0,,,,,,,,,,,,0,
13,7,necessity,-847940.1545687169,9297.0,3339.813558683186,8997.95960282991,0.1,94.0,186.0,,,6806.0,836810.2430631816,1684750.3976318985,0.35,681.0,,,,,,,,,,,,0,
14,7,necessity,-1325498.6654479478,9792.0,3859.1048150968763,6608.567254415666,0.1,93.0,129.0,,,6806.0,621205.3219150726,1946703.9873630204,0.35,681.0,,,,,,,,,,,,0,
15,7,necessity,-1071424.3674717308,10344.0,3110.845809875348,5352.951840295667,0.1,92.0,91.0,,,6806.0,497824.52114749706,1569248.8886192278,0.35,681.0,,,,,,,,,,,,0,
16,7,necessity,-1038099.8720125568,10934.0,2619.092852189494,3077.0322684636594,0.1,91.0,110.0,,,6806.0,283086.96869865665,1321186.8407112134,0.35,681.0,,,,,,,,,,,,0,
17,7,necessity,-771133.0372392472,11505.0,2099.8015957758034,3165.936414734553,0.1,92.0,315.0,,,6806.0,288100.21374084434,1059233.2509800915,0.35,681.0,,,,,,,,,,,,0,
18,7,necessity,-632017.9874671766,11871.0,2564.118809280808,7189.53807249324,0.1,93.0,191.0,,,6806.0,661437.5026693781,1293455.4901365547,0.35,681.0,,,,,,,,,,,,0,
19,7,necessity,-1174934.9496835917,12361.0,3300.02968244622,5266.0934685229495,0.1,92.0,358.0,,,6806.0,489746.6925726343,1664681.6422562262,0.35,681.0,,,,,,,,,,,,0,
20,7,necessity,-112044.86382080801,12684.0,2564.118809280808,12841.419851258117,0.1,93.0,234.0,,,6806.0,1181410.6263157467,1293455.4901365547,0.35,681.0,,,,,,,,,,,,0,
21,7,necessity,-1143477.105888953,13131.0,3456.2396789216655,6451.653778190421,0.1,92.0,155.0,,,6806.0,600003.8013717091,1743480.907260662,0.35,681.0,,,,,,,,,,,,0,
22,7,necessity,-757738.3399036966,13657.0,2564.118809280808,5823.012502531067,0.1,91.0,312.0,,,6806.0,535717.1502328581,1293455.4901365547,0.35,681.0,,,,,,,,,,,,0,
23,7,necessity,-259228.1824844794,14026.0,2099.8015957758034,8791.26448896277,0.1,92.0,327.0,,,6806.0,800005.0684956121,1059233.2509800915,0.35,681.0,,,,,,,,,,,,0,
24,7,necessity,-618208.1095685535,14380.0,2586.6936267049664,7463.425237159649,0.1,91.0,242.0,,,6806.0,686635.1218186878,1304843.2313872413,0.35,681.0,,,,,,,,,,,,0,
25,7,necessity,-433253.39331748965,14819.0,2099.8015957758034,6878.899534753867,0.1,90.0,413.0,,,6806.0,625979.8576626019,1059233.2509800915,0.35,681.0,,,,,,,,,,,,0,
26,7,necessity,82547.0149687503,15087.0,1555.5152833501777,9635.756211726743,0.1,91.0,203.0,,,6806.0,867218.0590554068,784671.0440866565,0.35,681.0,,,,,,,,,,,,0,
27,7,necessity,-726316.458832701,15565.0,2065.8093696922956,3469.9956320888577,0.1,90.0,493.0,,,6806.0,315769.60252008605,1042086.0613527871,0.35,681.0,,,,,,,,,,,,0,
28,7,necessity,233772.97517164517,15753.0,1555.5152833501777,11316.044658425575,0.1,91.0,351.0,,,6806.0,1018444.0192583017,784671.0440866565,0.35,681.0,,,,,,,,,,,,0,
29,7,necessity,-479052.54911365465,16083.0,2032.0144732553613,5999.844664350686,0.1,90.0,422.0,,,6806.0,545985.8644559124,1025038.413569567,0.35,681.0,,,,,,,,,,,,0,
30,7,necessity,72839.0636271059,16342.0,1555.5152833501777,9527.890085708472,0.1,91.0,459.0,,,6806.0,857510.1077137624,784671.0440866565,0.35,681.0,,,,,,,,,,,,0,
31,7,necessity,-313436.7260258511,16564.0,2036.7321929898744,7845.950714920127,0.1,90.0,154.0,,,6806.0,713981.5150577315,1027418.2410835826,0.35,681.0,,,,,,,,,,,,0,
32,7,necessity,-471014.28636621585,17091.0,1555.5152833501777,3485.0750857826743,0.1,89.0,553.0,,,6806.0,313656.7577204407,784671.0440866565,0.35,681.0,,,,,,,,,,,,0,
33,7,necessity,241614.5383956096,17219.0,1226.2706412991652,9665.16799654661,0.1,90.0,493.0,,,6806.0,860199.9516926482,618585.4132970386,0.35,681.0,,,,,,,,,,,,0,
34,7,necessity,-261039.13480233203,17407.0,1715.9284222964454,6717.238068449871,0.1,89.0,634.0,,,6806.0,604551.4261604884,865590.5609628204,0.35,681.0,,,,,,,,,,,,0,
35,7,necessity,469313.2064389078,17454.0,1226.2706412991652,12223.579997033106,0.1,90.0,491.0,,,6806.0,1087898.6197359464,618585.4132970386,0.35,681.0,,,,,,,,,,,,0,
36,7,necessity,-286299.35628127377,17644.0,1761.1418851743458,6689.987609754335,0.1,89.0,291.0,,,6806.0,602098.8848778901,888398.2411591639,0.35,681.0,,,,,,,,,,,,0,
37,7,necessity,-106093.12471130403,18034.0,1226.2706412991652,5758.3403211880295,0.1,88.0,468.0,,,6806.0,512492.2885857346,618585.4132970386,0.35,681.0,,,,,,,,,,,,0,
38,7,necessity,141602.79318668996,18247.0,856.9662547926797,6521.530228727378,0.1,89.0,989.0,,,6806.0,573894.6601280093,432291.8669413193,0.35,681.0,,,,,,,,,,,,0,
39,7,necessity,160684.63819048693,17939.0,1361.606802008344,9522.91714595461,0.1,90.0,611.0,,,6806.0,847539.6259899603,686854.9877994733,0.35,681.0,,,,,,,,,,,,0,
40,7,necessity,-269701.8684942572,18009.0,2183.87502337732,9243.797289189979,0.1,89.0,511.0,,,6806.0,831941.7560270982,1101643.6245213554,0.35,681.0,,,,,,,,,,,,0,
41,7,necessity,429105.14914633706,18179.0,1361.606802008344,12538.877943211353,0.1,90.0,406.0,,,6806.0,1115960.1369458104,686854.9877994733,0.35,681.0,,,,,,,,,,,,0,
4,8,necessity,24049.047500931367,2573.6000000000004,1157.7143882881844,10437.554649531032,0.1,48.0,371.0,,,5436.0,490565.06852795853,466516.02102702716,0.35,544.0,,,,,,,,,,,,0,
5,8,necessity,-225756.44358454784,2746.6000000000004,1626.1258246087334,8948.167459477425,0.1,47.0,105.0,,,5436.0,429512.0380549164,655268.4816394643,0.35,544.0,,,,,,,,,,,,0,
6,8,necessity,-219217.50579928615,3185.6000000000004,967.7333961389538,3632.834289019511,0.1,46.0,445.0,,,5436.0,170743.211583917,389960.71738320315,0.35,544.0,,,,,,,,,,,,0,
7,8,necessity,229433.10451106844,3284.6000000000004,499.32195981840465,9361.76872351814,0.1,47.0,1500.0,,,5436.0,430641.3612818344,201208.256770766,0.35,544.0,,,,,,,,,,,,0,
8,8,necessity,240412.43123115855,2328.6000000000004,1262.0775463384703,15935.807228246957,0.1,48.0,546.0,,,5436.0,748982.939727607,508570.5084964484,0.35,544.0,,,,,,,,,,,,0,
9,8,necessity,-15145.061459878576,2326.6000000000004,1747.652923950863,14356.132089600098,0.1,47.0,395.0,,,5436.0,689094.3403008047,704239.4017606833,0.35,544.0,,,,,,,,,,,,0,
10,8,necessity,293445.75492558995,2475.6000000000004,984.8973374307976,14687.721382140231,0.1,48.0,437.0,,,5436.0,690322.9049605909,396877.15003500093,0.35,544.0,,,,,,,,,,,,0,
11,8,necessity,-231867.19442711904,2582.6000000000004,1643.4942923720873,8966.66950952622,0.1,47.0,297.0,,,5436.0,430400.13645725854,662267.3308843776,0.35,544.0,,,,,,,,,,,,0,
12,8,necessity,91240.65479950898,2829.6000000000004,984.8973374307976,10385.485209244891,0.1,48.0,466.0,,,5436.0,488117.8048345099,396877.15003500093,0.35,544.0,,,,,,,,,,,,0,
13,8,necessity,-216952.8130331409,2907.6000000000004,1677.3625200277436,9561.71165089066,0.1,47.0,443.0,,,5436.0,458962.1592427517,675914.9722758926,0.35,544.0,,,,,,,,,,,,0,
14,8,necessity,346194.44633728947,3008.6000000000004,984.8973374307976,15810.03396536788,0.1,48.0,934.0,,,5436.0,743071.5963722904,396877.15003500093,0.35,544.0,,,,,,,,,,,,0,
15,8,necessity,235759.82982140372,2618.6000000000004,1697.7597073710258,19164.460690840937,0.1,49.0,374.0,,,5436.0,919894.113160365,684134.2833389613,0.35,544.0,,,,,,,,,,,,0,
16,8,necessity,-544083.7301062946,2788.6000000000004,2925.9410091345358,12958.410827689053,0.1,48.0,243.0,,,5436.0,634962.1305567636,1179045.8606630582,0.35,544.0,,,,,,,,,,,,0,
17,8,necessity,26869.381880730856,3089.6000000000004,1697.7597073710258,14812.576358743587,0.1,49.0,289.0,,,5436.0,711003.6652196922,684134.2833389613,0.35,544.0,,,,,,,,,,,,0,
18,8,necessity,-680069.0927086305,3344.6000000000004,2905.283496474584,10013.317457759724,0.1,48.0,301.0,,,5436.0,490652.55543022644,1170721.648138857,0.35,544.0,,,,,,,,,,,,0,
19,8,necessity,190356.04909988842,3587.6000000000004,1697.7597073710258,18218.548592476036,0.1,49.0,561.0,,,5436.0,874490.3324388497,684134.2833389613,0.35,544.0,,,,,,,,,,,,0,
20,8,necessity,-163367.9435612827,3570.6000000000004,2769.016609220885,19437.61624153358,0.1,50.0,400.0,,,5436.0,952443.1958351454,1115811.1393964281,0.35,544.0,,,,,,,,,,,,0,
21,8,necessity,-207896.17597608385,3714.6000000000004,3264.5750060338537,22152.132873767077,0.1,51.0,234.0,,,5436.0,1107606.643688354,1315502.8196644378,0.35,544.0,,,,,,,,,,,,0,
22,8,necessity,-818640.8958602595,4024.6000000000004,3927.287591709848,14978.638262978857,0.1,50.0,101.0,,,5436.0,763910.5514119217,1582551.4472721813,0.35,544.0,,,,,,,,,,,,0,
23,8,necessity,-754218.5444520202,4467.6,2856.0306898599897,7933.120935253894,0.1,49.0,224.0,,,5436.0,396656.04676269466,1150874.5912147148,0.35,544.0,,,,,,,,,,,,0,
24,8,necessity,-244075.08907833346,4787.6,2193.3181041839944,13056.14029650281,0.1,50.0,351.0,,,5436.0,639750.8745286377,883825.9636069712,0.35,544.0,,,,,,,,,,,,0,
25,8,necessity,-390813.02896330063,4980.6,2880.3334005288757,15397.093091371642,0.1,51.0,370.0,,,5436.0,769854.6545685821,1160667.6835318827,0.35,544.0,,,,,,,,,,,,0,
26,8,necessity,-545065.1424108215,5154.6,3997.3611614364363,20896.536435209488,0.1,52.0,141.0,,,5436.0,1065723.358195684,1610788.5006065054,0.35,544.0,,,,,,,,,,,,0,
27,8,necessity,-1280530.794602321,5557.6,4576.496811058938,10838.998533894952,0.1,51.0,253.0,,,5436.0,563627.9237625375,1844158.7183648585,0.35,544.0,,,,,,,,,,,,0,
28,8,necessity,-236184.2080923242,5848.6,3459.469050151377,22703.01359211591,0.1,52.0,198.0,,,5436.0,1157853.6931979114,1394037.9012902356,0.35,544.0,,,,,,,,,,,,0,
29,8,necessity,-1137457.0930032039,6194.6,4522.579316428693,13172.593690961014,0.1,51.0,111.0,,,5436.0,684974.8719299727,1822431.9649331765,0.35,544.0,,,,,,,,,,,,0,
30,8,necessity,-892031.5971666507,6627.6,3459.469050151377,9843.260865168331,0.1,50.0,188.0,,,5436.0,502006.30412358494,1394037.9012902356,0.35,544.0,,,,,,,,,,,,0,
31,8,necessity,-466815.9999368655,6983.6,2772.453753806497,13007.603628569177,0.1,51.0,88.0,,,5436.0,650380.1814284589,1117196.1813653244,0.35,544.0,,,,,,,,,,,,0,
32,8,necessity,-1160424.6538648724,7439.6,3485.185266883464,4783.841771273956,0.1,50.0,253.0,,,5436.0,243975.93033497172,1404400.5841998442,0.35,544.0,,,,,,,,,,,,0,
33,8,necessity,-235444.30884380802,7730.6,2772.453753806497,17635.03745043033,0.1,51.0,276.0,,,5436.0,881751.8725215164,1117196.1813653244,0.35,544.0,,,,,,,,,,,,0,
34,8,necessity,-609983.6520776437,7998.6,3412.6731536037623,15003.867373541043,0.1,50.0,157.0,,,5436.0,765197.2360505932,1375180.8881282369,0.35,544.0,,,,,,,,,,,,0,
35,8,necessity,-581406.4962495337,8385.6,2772.453753806497,10715.793702315814,0.1,49.0,122.0,,,5436.0,535789.6851157907,1117196.1813653244,0.35,544.0,,,,,,,,,,,,0,
36,8,necessity,-491699.6900969711,8807.6,2059.5913838662677,6902.844040089645,0.1,48.0,280.0,,,5436.0,338239.35796439264,829939.0480613637,0.35,544.0,,,,,,,,,,,,0,
37,8,necessity,-57584.56731457391,9071.6,1574.016006253875,12014.283072553228,0.1,49.0,619.0,,,5436.0,576685.587482555,634270.1547971289,0.35,544.0,,,,,,,,,,,,0,
38,8,necessity,65726.65436739009,8996.6,2254.7711212781305,19883.99811981936,0.1,50.0,190.0,,,5436.0,974315.9078711487,908589.2535037586,0.35,544.0,,,,,,,,,,,,0,
39,8,necessity,-761832.9118003768,9350.6,2953.7191554864526,8568.130260856895,0.1,49.0,349.0,,,5436.0,428406.5130428448,1190239.4248432217,0.35,544.0,,,,,,,,,,,,0,
40,8,necessity,114927.65912818012,9545.6,2272.964040462197,21037.713984995346,0.1,50.0,276.0,,,5436.0,1030847.985264772,915920.3261365918,0.35,544.0,,,,,,,,,,,,0,
41,8,necessity,-549160.4755823624,9813.6,2919.619559913206,12546.761503351327,0.1,49.0,218.0,,,5436.0,627338.0751675663,1176498.5507499287,0.35,544.0,,,,,,,,,,,,0,
