data/saved_data/run_2025_05_06_1909_new_prod_but_no_zeros/firm_data.csv
Step,AgentID,FirmType,Profit,Inventory,ProductPrice,RevenuePerEmployee,ProductionLevel,NumEmployees,DemandReceived,InventoryDemandRatio,SellThroughRate,ProductionCapacity,Revenue,Costs,Markup,ProducedUnits,IncomeBracket,NumPeople,SpendRatio,PostTaxIncome,HouseholdExpense,HouseholdSavings,HealthLevel,Welfare,SkillLevel,SkillType,JobLevel,IsEmployed,Wage
4,13,necessity,-294955.96635403135,6847.6,1121.9183241279486,1870.484254955345,0.1,107.0,536.0,,,5976.0,202012.29953517727,496968.2658892086,0.35,598.0,,,,,,,,,,,,0,
5,13,necessity,374161.03806799994,6909.6,512.880764940306,5620.076838622247,0.1,108.0,842.0,,,5976.0,601348.2217325805,227187.18366458052,0.35,598.0,,,,,,,,,,,,0,
6,13,necessity,-61412.47273059946,6665.6,1113.5424792314593,3998.570408145719,0.1,107.0,334.0,,,5976.0,431845.6040797376,493258.0768103371,0.35,598.0,,,,,,,,,,,,0,
7,13,necessity,144736.00439872692,6929.6,512.880764940306,3475.9176454514713,0.1,106.0,1461.0,,,5976.0,371923.18806330743,227187.18366458052,0.35,598.0,,,,,,,,,,,,0,
8,13,necessity,-6923781.74856939,6066.6,17322.21692303758,7069.045260167803,0.1,107.0,33.0,,,5976.0,749318.7975777871,7673100.546147177,0.35,598.0,,,,,,,,,,,,0,
9,13,necessity,371353.25361762603,6631.6,452.136908169552,5342.365966918132,0.1,106.0,1120.0,,,5976.0,571633.1584602401,200279.90484261405,0.35,598.0,,,,,,,,,,,,0,
10,13,necessity,-7166707.2089972785,6109.6,17322.21692303758,4777.295633489606,0.1,105.0,44.0,,,5976.0,506393.33714989823,7673100.546147177,0.35,598.0,,,,,,,,,,,,0,
11,13,necessity,-6838552.001533523,6663.6,17158.837575484704,7258.833758225272,0.1,106.0,36.0,,,5976.0,762177.5446136536,7600729.546147177,0.35,598.0,,,,,,,,,,,,0,
12,13,necessity,409085.9419115177,7225.6,470.9924483562129,5827.529742617447,0.1,105.0,1405.0,,,5976.0,617718.1527174494,208632.21080593165,0.35,598.0,,,,,,,,,,,,0,
13,13,necessity,-6938985.156206698,6418.6,17158.837575484704,6302.327523242658,0.1,106.0,22.0,,,5976.0,661744.3899404791,7600729.546147177,0.35,598.0,,,,,,,,,,,,0,
14,13,necessity,193669.39434229978,6994.6,414.9896207605375,3561.2681760439955,0.1,105.0,1110.0,,,5976.0,377494.4266606635,183825.03231836372,0.35,598.0,,,,,,,,,,,,0,
15,13,necessity,-7140091.067102981,6482.6,17158.837575484704,4387.033133754253,0.1,106.0,23.0,,,5976.0,460638.4790441966,7600729.546147177,0.35,598.0,,,,,,,,,,,,0,
16,13,necessity,142863.72696590985,7057.6,568.4211952280947,3723.1440022278134,0.1,105.0,860.0,,,5976.0,394653.2642361482,251789.53727023836,0.35,598.0,,,,,,,,,,,,0,
17,13,necessity,-7111887.318251016,6795.6,17158.837575484704,4655.640265677728,0.1,106.0,41.0,,,5976.0,488842.22789616144,7600729.546147177,0.35,598.0,,,,,,,,,,,,0,
18,13,necessity,497534.3922269222,7352.6,465.0003843340016,6636.908873536536,0.1,107.0,1736.0,,,5976.0,703512.3405948728,205977.9483679506,0.35,598.0,,,,,,,,,,,,0,
19,13,necessity,335592.72046524927,6214.6,1064.7570686159238,7544.3053009703435,0.1,108.0,654.0,,,5976.0,807240.6672038267,471647.94673857745,0.35,598.0,,,,,,,,,,,,0,
20,13,necessity,19238.121546234703,6158.6,1528.5995823829142,6447.695582174206,0.1,107.0,505.0,,,5976.0,696351.1228748142,677113.0013285795,0.35,598.0,,,,,,,,,,,,0,
21,13,necessity,360499.786145419,6251.6,928.842898100992,7214.418589751137,0.1,108.0,461.0,,,5976.0,771942.7891033717,411443.0029579527,0.35,598.0,,,,,,,,,,,,0,
22,13,necessity,-267973.68404384115,6388.6,1571.6218219409968,3964.783111338493,0.1,107.0,334.0,,,5976.0,428196.5760245573,696170.2600683984,0.35,598.0,,,,,,,,,,,,0,
23,13,necessity,113478.68557034025,6652.6,928.842898100992,4905.810173161616,0.1,108.0,1147.0,,,5976.0,524921.6885282929,411443.0029579527,0.35,598.0,,,,,,,,,,,,0,
24,13,necessity,323168.78317408904,6103.6,1675.5667668961437,9864.65559372072,0.1,109.0,432.0,,,5976.0,1065382.8041218377,742214.0209477487,0.35,598.0,,,,,,,,,,,,0,
25,13,necessity,-449991.5387583851,6269.6,2649.9650721198764,6640.778378891138,0.1,108.0,470.0,,,5976.0,723844.843299134,1173836.3820575192,0.35,598.0,,,,,,,,,,,,0,
26,13,necessity,503269.5629485933,6397.6,1675.5667668961437,11532.255406447612,0.1,109.0,535.0,,,5976.0,1245483.583896342,742214.0209477487,0.35,598.0,,,,,,,,,,,,0,
27,13,necessity,-322000.4235956273,6460.6,2750.6332215622133,8224.112112747127,0.1,108.0,175.0,,,5976.0,896428.2202894369,1218428.6438850642,0.35,598.0,,,,,,,,,,,,0,
28,13,necessity,-260853.20717436133,6883.6,1675.5667668961437,4457.044571975809,0.1,107.0,579.0,,,5976.0,481360.81377338734,742214.0209477487,0.35,598.0,,,,,,,,,,,,0,
29,13,necessity,558710.1550749146,6902.6,928.842898100992,9066.851944232405,0.1,108.0,1054.0,,,5976.0,970153.1580328672,411443.0029579527,0.35,598.0,,,,,,,,,,,,0,
30,13,necessity,262553.9977262723,6446.6,1617.3957544482244,9064.81865368931,0.1,107.0,228.0,,,5976.0,979000.4145984455,716446.4168721732,0.35,598.0,,,,,,,,,,,,0,
31,13,necessity,-42676.770943757496,6816.6,928.842898100992,3446.4133833102355,0.1,106.0,527.0,,,5976.0,368766.2320141952,411443.0029579527,0.35,598.0,,,,,,,,,,,,0,
32,13,necessity,282260.6065620434,6887.6,467.8485961995711,4617.926483954931,0.1,107.0,1168.0,,,5976.0,489500.20729922276,207239.6007371793,0.35,598.0,,,,,,,,,,,,0,
33,13,necessity,55362.099406396854,6317.6,1108.6368414384804,5106.982807113075,0.1,108.0,416.0,,,5976.0,546447.160361099,491085.0609547022,0.35,598.0,,,,,,,,,,,,0,
34,13,necessity,-229284.93494519102,6499.6,1558.7710882426213,4270.304870725999,0.1,107.0,295.0,,,5976.0,461192.92603840784,690477.8609835989,0.35,598.0,,,,,,,,,,,,0,
35,13,necessity,53205.07026549737,6802.6,917.9828430037119,4297.546458239003,0.1,108.0,782.0,,,5976.0,459837.4710315733,406632.40076607594,0.35,598.0,,,,,,,,,,,,0,
36,13,necessity,17918.022039263044,6618.6,1580.1424013810554,6646.875770637987,0.1,109.0,636.0,,,5976.0,717862.5832289027,699944.5611896396,0.35,598.0,,,,,,,,,,,,0,
37,13,necessity,-144793.119726405,6580.6,2595.6203592989978,9219.913461269276,0.1,110.0,132.0,,,5976.0,1004970.5672783512,1149763.6870047562,0.35,598.0,,,,,,,,,,,,0,
38,13,necessity,-992600.1081218359,7046.6,3014.297142102446,3114.744431158797,0.1,109.0,170.0,,,5976.0,342621.8874274677,1335221.9955493035,0.35,598.0,,,,,,,,,,,,0,
39,13,necessity,-372972.35557677114,7474.6,1998.8191841845037,4701.19737759097,0.1,110.0,284.0,,,5976.0,512430.5141574158,885402.8697341869,0.35,598.0,,,,,,,,,,,,0,
40,13,necessity,-603607.6826018795,7788.6,2644.1766623489957,5160.587711894536,0.1,111.0,321.0,,,5976.0,567664.648308399,1171272.3309102785,0.35,598.0,,,,,,,,,,,,0,
41,13,necessity,-779549.4318759276,8065.6,3675.996130410441,7646.6730505768255,0.1,112.0,301.0,,,5976.0,848780.7086140276,1628330.1404899552,0.35,598.0,,,,,,,,,,,,0,
4,15,necessity,99106.7749958277,859.2999999999993,1686.3661106950424,18436.86481409244,0.1,37.0,119.0,,,4523.0,663727.1333073279,564620.3583115002,0.35,452.0,,,,,,,,,,,,0,
10,15,necessity,298047.4721159662,2031.2999999999993,1238.9930039960373,19802.241283986754,0.1,37.0,184.0,,,4523.0,712880.6862235231,414833.2141075569,0.35,452.0,,,,,,,,,,,,0,
11,15,necessity,-464404.5870233029,2299.2999999999993,2067.9470190401053,6161.478722574888,0.1,36.0,314.0,,,4523.0,227974.71273527085,692379.2997585738,0.35,452.0,,,,,,,,,,,,0,
12,15,necessity,234502.14987103612,2437.2999999999993,1238.9930039960373,18037.093443849808,0.1,37.0,947.0,,,4523.0,649335.363978593,414833.2141075569,0.35,452.0,,,,,,,,,,,,0,
13,15,necessity,503675.40962777345,1942.2999999999993,2000.0637189406548,31711.523642817494,0.1,38.0,329.0,,,4523.0,1173326.3747842473,669650.9651564738,0.35,452.0,,,,,,,,,,,,0,
14,15,necessity,-427545.247847221,2065.2999999999993,3242.2884560153802,17316.34114556514,0.1,37.0,279.0,,,4523.0,658020.9635314754,1085566.2113786964,0.35,452.0,,,,,,,,,,,,0,
15,15,necessity,234947.51407181728,2238.2999999999993,2000.0637189406548,24448.60754671057,0.1,38.0,129.0,,,4523.0,904598.4792282911,669650.9651564738,0.35,452.0,,,,,,,,,,,,0,
16,15,necessity,-804929.7117675203,2561.2999999999993,3174.703991957884,6789.689993245907,0.1,37.0,279.0,,,4523.0,258008.21974334447,1062937.9315108648,0.35,452.0,,,,,,,,,,,,0,
17,15,necessity,216091.4485997759,2734.2999999999993,2000.0637189406548,23938.984155574315,0.1,38.0,572.0,,,4523.0,885742.4137562497,669650.9651564738,0.35,452.0,,,,,,,,,,,,0,
18,15,necessity,55711.701933087315,2614.2999999999993,3250.527440057032,30106.222295633015,0.1,39.0,165.0,,,4523.0,1144036.4472340546,1088324.7453009672,0.35,452.0,,,,,,,,,,,,0,
19,15,necessity,-728602.1258862317,2901.2999999999993,3778.026224427191,13752.231477164365,0.1,38.0,142.0,,,4523.0,536337.0276094102,1264939.153495642,0.35,452.0,,,,,,,,,,,,0,
20,15,necessity,-309785.64948248735,3211.2999999999993,2527.562503310814,14117.887470227923,0.1,39.0,360.0,,,4523.0,536479.7238686611,846265.3733511484,0.35,452.0,,,,,,,,,,,,0,
21,15,necessity,-183651.15034800244,3303.2999999999993,3266.2044829925985,23331.346184407514,0.1,40.0,77.0,,,4523.0,909922.501191893,1093573.6515398955,0.35,452.0,,,,,,,,,,,,0,
22,15,necessity,-1298619.0125228916,3678.2999999999993,4629.773491777015,6287.443629760752,0.1,39.0,121.0,,,4523.0,251497.74519043008,1550116.7577133216,0.35,452.0,,,,,,,,,,,,0,
23,15,necessity,-533371.0590348766,4009.2999999999993,3266.2044829925985,14364.169038590226,0.1,40.0,218.0,,,4523.0,560202.5925050188,1093573.6515398955,0.35,452.0,,,,,,,,,,,,0,
24,15,necessity,-786041.6428537725,4243.299999999999,4474.336709564111,17800.81443230966,0.1,41.0,135.0,,,4523.0,712032.5772923864,1498074.220146159,0.35,452.0,,,,,,,,,,,,0,
25,15,necessity,-1080594.4732786196,4560.299999999999,5031.527431886434,14732.572092467191,0.1,40.0,99.0,,,4523.0,604035.4557911549,1684629.9290697745,0.35,452.0,,,,,,,,,,,,0,
26,15,necessity,-782008.144706754,4913.299999999999,3823.395205314922,12453.030393918923,0.1,39.0,156.0,,,4523.0,498121.21575675695,1280129.360463511,0.35,452.0,,,,,,,,,,,,0,
27,15,necessity,-436371.43024563603,5209.299999999999,3084.7532256331374,15293.580821259688,0.1,40.0,304.0,,,4523.0,596449.6520291278,1032821.0822747638,0.35,452.0,,,,,,,,,,,,0,
28,15,necessity,-344828.15168111294,5357.299999999999,3830.7538157933373,23444.124514811843,0.1,41.0,148.0,,,4523.0,937764.9805924738,1282593.1322735867,0.35,452.0,,,,,,,,,,,,0,
29,15,necessity,-1130465.967821613,5661.299999999999,5069.720495320721,13828.086944814973,0.1,40.0,183.0,,,4523.0,566951.5647374139,1697417.5325590267,0.35,452.0,,,,,,,,,,,,0,
30,15,necessity,-354834.28162989474,5930.299999999999,3830.7538157933373,23193.9712660923,0.1,41.0,237.0,,,4523.0,927758.850643692,1282593.1322735867,0.35,452.0,,,,,,,,,,,,0,
31,15,necessity,-856975.1843531419,6145.299999999999,5271.164108337734,22143.62571568344,0.1,40.0,79.0,,,4523.0,907888.654343021,1764863.838696163,0.35,452.0,,,,,,,,,,,,0,
32,15,necessity,-866171.1677149057,6518.299999999999,3830.7538157933373,10410.549113967025,0.1,39.0,97.0,,,4523.0,416421.964558681,1282593.1322735867,0.35,452.0,,,,,,,,,,,,0,
33,15,necessity,-661237.9621428101,6873.299999999999,3084.7532256331374,9527.772311075736,0.1,38.0,174.0,,,4523.0,371583.12013195374,1032821.0822747638,0.35,452.0,,,,,,,,,,,,0,
34,15,necessity,-241256.26996568101,7151.299999999999,2323.6825106885194,14124.922664741207,0.1,39.0,191.0,,,4523.0,536747.0612601659,778003.3312258469,0.35,452.0,,,,,,,,,,,,0,
35,15,necessity,-580078.0112660778,7412.299999999999,3058.1124945401043,11380.08614208993,0.1,38.0,306.0,,,4523.0,443823.3595415072,1023901.370807585,0.35,452.0,,,,,,,,,,,,0,
36,15,necessity,157779.09210342506,7558.299999999999,2323.6825106885194,24625.853245507158,0.1,39.0,245.0,,,4523.0,935782.423329272,778003.3312258469,0.35,452.0,,,,,,,,,,,,0,
37,15,necessity,-508652.13440365635,7765.299999999999,3219.553912910642,14597.492695350955,0.1,38.0,244.0,,,4523.0,569302.2151186873,1077954.3495223436,0.35,452.0,,,,,,,,,,,,0,
38,15,necessity,7567.823524349718,7973.299999999999,2323.6825106885194,20672.925125005175,0.1,39.0,305.0,,,4523.0,785571.1547501966,778003.3312258469,0.35,452.0,,,,,,,,,,,,0,
39,15,necessity,-351360.4969778927,8120.299999999999,3166.1790741813584,18172.388865640984,0.1,38.0,153.0,,,4523.0,708723.1657599984,1060083.662737891,0.35,452.0,,,,,,,,,,,,0,
40,15,necessity,-293577.9328760991,8419.3,2323.6825106885194,12748.036798677575,0.1,37.0,244.0,,,4523.0,484425.3983497478,778003.3312258469,0.35,452.0,,,,,,,,,,,,0,
41,15,necessity,-37835.65141003532,8627.3,1806.414041190115,15323.744124540506,0.1,38.0,375.0,,,4523.0,566978.5326079987,604814.184018034,0.35,452.0,,,,,,,,,,,,0,
4,17,necessity,95660.18558823044,0.0,756.4761787833187,16784.850230895347,0.1,29.0,2106.0,,,6684.0,469975.8064650697,374315.62087683927,0.35,668.0,,,,,,,,,,,,0,
11,17,necessity,-490196.47880135186,5317.0,1817.7111497364547,13201.094467379633,0.1,32.0,94.0,,,6684.0,409233.92848876864,899430.4072901205,0.35,668.0,,,,,,,,,,,,0,
12,17,necessity,-1102808.6654891474,5891.0,2574.0407795477013,5339.5265023508355,0.1,31.0,145.0,,,6684.0,170864.84807522674,1273673.513564374,0.35,668.0,,,,,,,,,,,,0,
13,17,necessity,-526194.4942557039,6414.0,1817.7111497364547,12039.868162400538,0.1,32.0,236.0,,,6684.0,373235.9130344167,899430.4072901205,0.35,668.0,,,,,,,,,,,,0,
14,17,necessity,-812456.1743461399,6846.0,2508.8901274916666,13405.619729306352,0.1,33.0,183.0,,,6684.0,428979.8313378033,1241436.0056839432,0.35,668.0,,,,,,,,,,,,0,
15,17,necessity,-1010449.7212832363,7331.0,2969.95273466951,13912.936161544696,0.1,34.0,28.0,,,6684.0,459126.89333097497,1469576.6146142113,0.35,668.0,,,,,,,,,,,,0,
16,17,necessity,-1539648.9544406785,7971.0,3279.626195487721,2445.8434285513613,0.1,33.0,208.0,,,6684.0,83158.67657074628,1622807.6310114248,0.35,668.0,,,,,,,,,,,,0,
17,17,necessity,-598639.7839561563,8431.0,2588.4472177325088,20671.583292771087,0.1,34.0,209.0,,,6684.0,682162.2486614459,1280802.0326176023,0.35,668.0,,,,,,,,,,,,0,
18,17,necessity,-1093526.6843234077,8890.0,3303.280543437945,15911.337309002774,0.1,33.0,214.0,,,6684.0,540985.4685060943,1634512.152829502,0.35,668.0,,,,,,,,,,,,0,
19,17,necessity,-573899.996321882,9344.0,2588.4472177325088,21421.27382714304,0.1,34.0,143.0,,,6684.0,706902.0362957203,1280802.0326176023,0.35,668.0,,,,,,,,,,,,0,
20,17,necessity,-1294308.0926915002,9869.0,3363.7958939416026,10886.704474580845,0.1,33.0,109.0,,,6684.0,370147.95213574875,1664456.044827249,0.35,668.0,,,,,,,,,,,,0,
21,17,necessity,-914148.2801779676,10428.0,2588.4472177325088,11110.719770898022,0.1,34.0,99.0,,,6684.0,366653.7524396347,1280802.0326176023,0.35,668.0,,,,,,,,,,,,0,
22,17,necessity,-1386326.8721327137,10997.0,3319.5916836968886,7536.949251632894,0.1,33.0,207.0,,,6684.0,256256.27455551838,1642583.146688232,0.35,668.0,,,,,,,,,,,,0,
23,17,necessity,-593646.5540923463,11458.0,2588.4472177325088,20822.893288644118,0.1,34.0,176.0,,,6684.0,687155.4785252559,1280802.0326176023,0.35,668.0,,,,,,,,,,,,0,
24,17,necessity,-1166721.2951377404,11950.0,3278.576054027871,13399.02089179181,0.1,33.0,192.0,,,6684.0,455566.71032092156,1622288.005458662,0.35,668.0,,,,,,,,,,,,0,
25,17,necessity,-651315.430244251,12426.0,2588.4472177325088,19075.35158707125,0.1,34.0,275.0,,,6684.0,629486.6023733512,1280802.0326176023,0.35,668.0,,,,,,,,,,,,0,
26,17,necessity,-917887.243187573,12819.0,3293.576054779703,20935.970143424704,0.1,35.0,51.0,,,6684.0,711822.9848764399,1629710.228064013,0.35,668.0,,,,,,,,,,,,0,
27,17,necessity,-1692509.0374705887,13436.0,3759.9549523906026,4799.210822678996,0.1,34.0,97.0,,,6684.0,167972.37879376486,1860481.4162643536,0.35,668.0,,,,,,,,,,,,0,
28,17,necessity,-1146857.5904360546,14007.0,3054.826115343409,10726.93030534966,0.1,35.0,101.0,,,6684.0,364715.6303818885,1511573.220817943,0.35,668.0,,,,,,,,,,,,0,
29,17,necessity,-1569888.6126894038,14574.0,3796.220305631061,8815.355361419552,0.1,34.0,128.0,,,6684.0,308537.4376496843,1878426.050339088,0.35,668.0,,,,,,,,,,,,0,
30,17,necessity,-1025657.0216971673,15114.0,3054.826115343409,14291.652915316936,0.1,35.0,139.0,,,6684.0,485916.1991207758,1511573.220817943,0.35,668.0,,,,,,,,,,,,0,
31,17,necessity,-1424541.2598113823,15643.0,3737.079068192332,12132.023715220967,0.1,34.0,152.0,,,6684.0,424620.83003273385,1849162.0898441162,0.35,668.0,,,,,,,,,,,,0,
32,17,necessity,-943537.2024527086,16159.0,3054.826115343409,16706.941716624544,0.1,35.0,221.0,,,6684.0,568036.0183652345,1511573.220817943,0.35,668.0,,,,,,,,,,,,0,
33,17,necessity,-1185055.8843687398,16606.0,3759.3305563640333,19289.04489973981,0.1,36.0,82.0,,,6684.0,675116.5714908934,1860172.4558596332,0.35,668.0,,,,,,,,,,,,0,
34,17,necessity,-1701405.7490676777,17192.0,4061.4605535470105,8562.919600606965,0.1,35.0,168.0,,,6684.0,308265.10562185076,2009670.8546895285,0.35,668.0,,,,,,,,,,,,0,
35,17,necessity,-978746.2466519409,17692.0,3356.9561125263863,19495.01065702565,0.1,36.0,136.0,,,6684.0,682325.3729958978,1661071.6196478386,0.35,668.0,,,,,,,,,,,,0,
36,17,necessity,-1545373.1398621146,18224.0,4045.7947260896776,12681.834202877459,0.1,35.0,105.0,,,6684.0,456546.03130358853,2001919.171165703,0.35,668.0,,,,,,,,,,,,0,
37,17,necessity,-1236263.1734084226,18787.0,3356.9561125263863,12137.384178269032,0.1,34.0,119.0,,,6684.0,424808.44623941614,1661071.6196478386,0.35,668.0,,,,,,,,,,,,0,
38,17,necessity,-1033904.5954168767,19336.0,2896.8056892115897,11749.346393842352,0.1,33.0,164.0,,,6684.0,399477.77739064,1433382.3728075167,0.35,668.0,,,,,,,,,,,,0,
39,17,necessity,-730165.6308465479,19840.0,2435.7430820337468,14396.246455475779,0.1,34.0,211.0,,,6684.0,475076.13303070073,1205241.7638772486,0.35,668.0,,,,,,,,,,,,0,
40,17,necessity,-903130.2573977426,20297.0,2863.8432058988355,15115.935009091781,0.1,35.0,250.0,,,6684.0,513941.79030912055,1417072.0477068631,0.35,668.0,,,,,,,,,,,,0,
41,17,necessity,-1083628.497975011,20715.0,3636.894536856628,20456.022899277395,0.1,36.0,99.0,,,6684.0,715960.8014747088,1799589.2994497197,0.35,668.0,,,,,,,,,,,,0,
