data/saved_data/run_2025_05_06_1909_new_prod_but_no_zeros/firm_data.csv
Step,AgentID,FirmType,Profit,Inventory,ProductPrice,RevenuePerEmployee,ProductionLevel,NumEmployees,DemandReceived,InventoryDemandRatio,SellThroughRate,ProductionCapacity,Revenue,Costs,Markup,ProducedUnits,IncomeBracket,NumPeople,SpendRatio,PostTaxIncome,HouseholdExpense,HouseholdSavings,HealthLevel,Welfare,SkillLevel,SkillType,JobLevel,IsEmployed,Wage
4,33,necessity,-135364.15478862124,2002.1999999999998,1889.137431137552,9621.408260720422,0.1,31.0,393.0,,,3032.0,288642.24782161263,424006.40261023387,0.35,303.0,,,,,,,,,,,,0,
5,33,necessity,120905.75732639187,1912.1999999999998,2769.171910660816,23949.38743345348,0.1,32.0,164.0,,,3032.0,742431.0104370579,621525.2531106661,0.35,303.0,,,,,,,,,,,,0,
6,33,necessity,-440449.97741641547,2051.2,3985.8155991638614,14192.006042136683,0.1,31.0,70.0,,,3032.0,454144.19334837387,894594.1707647893,0.35,303.0,,,,,,,,,,,,0,
7,33,necessity,-355903.9139207172,2284.2,2828.8114029212597,9000.228772305492,0.1,30.0,322.0,,,3032.0,279007.0919414703,634911.0058621875,0.35,303.0,,,,,,,,,,,,0,
8,33,necessity,549035.1835325814,2265.2,1612.1677144182142,30362.575724688188,0.1,31.0,531.0,,,3032.0,910877.2717406456,361842.08820806415,0.35,303.0,,,,,,,,,,,,0,
9,33,necessity,257203.80528072373,2037.1999999999998,2668.175862321927,27614.872785679734,0.1,30.0,287.0,,,3032.0,856061.0563560717,598857.251075348,0.35,303.0,,,,,,,,,,,,0,
10,33,necessity,403924.3842783289,2053.2,1612.1677144182142,25525.54908287977,0.1,29.0,406.0,,,3032.0,765766.4724863931,361842.08820806415,0.35,303.0,,,,,,,,,,,,0,
11,33,necessity,456223.19080706197,1950.1999999999998,883.5901511534635,22570.348001855,0.1,28.0,730.0,,,3032.0,654540.092053795,198316.901246733,0.35,303.0,,,,,,,,,,,,0,
12,33,necessity,-1124985.2404042725,1523.1999999999998,7886.165546605085,23036.4575122153,0.1,29.0,52.0,,,3032.0,645020.8103420284,1770006.050746301,0.35,303.0,,,,,,,,,,,,0,
13,33,necessity,243138.59345810226,1774.1999999999998,743.801054321577,14140.710635291876,0.1,28.0,463.0,,,3032.0,410080.6084234644,166942.01496536215,0.35,303.0,,,,,,,,,,,,0,
14,33,necessity,-1425626.1625954108,1614.1999999999998,7886.165546605085,12299.281719674647,0.1,27.0,21.0,,,3032.0,344379.8881508901,1770006.050746301,0.35,303.0,,,,,,,,,,,,0,
15,33,necessity,-1541210.5742675941,1896.1999999999998,7604.643765355983,6133.684314026177,0.1,26.0,54.0,,,3032.0,165609.47647870678,1706820.050746301,0.35,303.0,,,,,,,,,,,,0,
16,33,necessity,-1232983.287417078,2145.2,7323.12198410688,15794.260128047043,0.1,27.0,62.0,,,3032.0,410650.7633292231,1643634.050746301,0.35,303.0,,,,,,,,,,,,0,
17,33,necessity,296318.4837024601,2386.2,702.6909451113329,16816.057889430613,0.1,28.0,533.0,,,3032.0,454033.56301462656,157715.07931216652,0.35,303.0,,,,,,,,,,,,0,
18,33,necessity,-48158.28727146797,2156.2,1883.2836814787381,13376.224062297872,0.1,27.0,380.0,,,3032.0,374534.2737443404,422692.5610158084,0.35,303.0,,,,,,,,,,,,0,
19,33,necessity,557932.7196497539,2079.2,702.6909451113329,26505.47403562668,0.1,28.0,779.0,,,3032.0,715647.7989619204,157715.07931216652,0.35,303.0,,,,,,,,,,,,0,
20,33,necessity,154777.2359495915,1603.1999999999998,1749.292614340238,19549.865937204584,0.1,27.0,81.0,,,3032.0,547396.2462417283,392619.0102921368,0.35,303.0,,,,,,,,,,,,0,
21,33,necessity,-16022.377550607227,1825.1999999999998,702.6909451113329,5247.877843020715,0.1,26.0,1107.0,,,3032.0,141692.7017615593,157715.07931216652,0.35,303.0,,,,,,,,,,,,0,
22,33,necessity,-865755.1745080554,1021.1999999999998,7323.12198410688,29918.418316855597,0.1,27.0,29.0,,,3032.0,777878.8762382455,1643634.050746301,0.35,303.0,,,,,,,,,,,,0,
23,33,necessity,31303.628012188827,1295.1999999999998,806.7337526554313,7865.575464411093,0.1,26.0,178.0,,,3032.0,212370.53753909952,181066.9095269107,0.35,303.0,,,,,,,,,,,,0,
24,33,necessity,-1500035.442773634,1420.1999999999998,7323.12198410688,5523.023383564107,0.1,25.0,21.0,,,3032.0,143598.60797266677,1643634.050746301,0.35,303.0,,,,,,,,,,,,0,
25,33,necessity,-1426662.4890800565,1702.1999999999998,7041.600202857777,6151.4224666497785,0.1,26.0,88.0,,,3032.0,153785.56166624447,1580448.050746301,0.35,303.0,,,,,,,,,,,,0,
26,33,necessity,434433.4412908784,1917.1999999999998,825.2704869027975,23833.108378903245,0.1,27.0,867.0,,,3032.0,619660.8178514844,185227.376560606,0.35,303.0,,,,,,,,,,,,0,
27,33,necessity,291345.25339123886,1353.1999999999998,1889.8407505853668,26500.352301656498,0.1,28.0,470.0,,,3032.0,715509.5121447254,424164.25875348656,0.35,303.0,,,,,,,,,,,,0,
28,33,necessity,284951.1809565887,1186.1999999999998,2687.85432101375,31722.3268848258,0.1,29.0,74.0,,,3032.0,888225.1527751224,603273.9718185337,0.35,303.0,,,,,,,,,,,,0,
29,33,necessity,-657154.085543884,1415.1999999999998,3814.10778329838,6858.662750173017,0.1,28.0,217.0,,,3032.0,198901.2197550175,856055.3052989014,0.35,303.0,,,,,,,,,,,,0,
30,33,necessity,210542.96586972766,1501.1999999999998,2749.5375196158107,29559.335320562444,0.1,29.0,125.0,,,3032.0,827661.3889757484,617118.4231060208,0.35,303.0,,,,,,,,,,,,0,
31,33,necessity,-537098.5328910586,1679.1999999999998,3924.3150888243636,11851.45482593022,0.1,28.0,130.0,,,3032.0,343692.18995197635,880790.7228430349,0.35,303.0,,,,,,,,,,,,0,
32,33,necessity,-117848.42781549995,1852.1999999999998,2798.061626539733,18220.03434097026,0.1,29.0,193.0,,,3032.0,510160.9615471673,628009.3893626672,0.35,303.0,,,,,,,,,,,,0,
33,33,necessity,-368605.36735074734,1962.1999999999998,4048.357091320394,18621.58254904029,0.1,30.0,91.0,,,3032.0,540025.8939221684,908631.2612729158,0.35,303.0,,,,,,,,,,,,0,
34,33,necessity,-950266.6668357069,2174.2,5875.24971294279,12280.016510338528,0.1,29.0,70.0,,,3032.0,368400.49531015585,1318667.1621458628,0.35,303.0,,,,,,,,,,,,0,
35,33,necessity,-497363.78136692045,2407.2,4048.357091320394,14181.63723813777,0.1,30.0,91.0,,,3032.0,411267.4799059953,908631.2612729158,0.35,303.0,,,,,,,,,,,,0,
36,33,necessity,-928751.7737050019,2619.2,5779.391278518388,12280.016510338528,0.1,29.0,17.0,,,3032.0,368400.49531015585,1297152.2690151578,0.35,303.0,,,,,,,,,,,,0,
37,33,necessity,-810381.6095381031,2905.2,4048.357091320394,3387.919025338366,0.1,28.0,77.0,,,3032.0,98249.6517348126,908631.2612729158,0.35,303.0,,,,,,,,,,,,0,
38,33,necessity,-333235.46550423134,3131.2,2873.5795221118406,11132.982001131082,0.1,29.0,140.0,,,3032.0,311723.4960316703,644958.9615359016,0.35,303.0,,,,,,,,,,,,0,
39,33,necessity,-495249.82808218,3294.2,3998.989417792381,13872.452865367506,0.1,30.0,134.0,,,3032.0,402301.1330956577,897550.9611778377,0.35,303.0,,,,,,,,,,,,0,
40,33,necessity,-747996.5745337086,3463.2,5720.173450755694,17862.15273280597,0.1,31.0,80.0,,,3032.0,535864.5819841791,1283861.1565178877,0.35,303.0,,,,,,,,,,,,0,
41,33,necessity,-980777.9716623428,3686.2,6408.676528109246,14761.737937434049,0.1,30.0,91.0,,,3032.0,457613.8760604555,1438391.8477227984,0.35,303.0,,,,,,,,,,,,0,
4,34,necessity,-91927.84533936082,2523.5,1241.2115664716212,8748.799069636938,0.1,34.0,255.0,,,4135.0,288710.369298019,380638.2146373798,0.35,414.0,,,,,,,,,,,,0,
5,34,necessity,-214226.9828236302,2682.5,1730.6606445388788,9309.086748537158,0.1,35.0,347.0,,,4135.0,316508.9494502634,530735.9322738936,0.35,414.0,,,,,,,,,,,,0,
6,34,necessity,-147246.80312380486,2749.5,2438.43275534527,17158.264104428312,0.1,36.0,244.0,,,4135.0,600539.2436549909,747786.0467787958,0.35,414.0,,,,,,,,,,,,0,
7,34,necessity,-539196.5902860329,2919.5,3698.3940647306335,16527.155341784608,0.1,35.0,70.0,,,4135.0,594977.5923042459,1134174.1825902788,0.35,414.0,,,,,,,,,,,,0,
8,34,necessity,-488898.4622476514,3263.5,2438.43275534527,7396.788129461267,0.1,34.0,222.0,,,4135.0,258887.58453114436,747786.0467787958,0.35,414.0,,,,,,,,,,,,0,
9,34,necessity,10596.13941275631,3455.5,1730.6606445388788,15921.531520195585,0.1,35.0,448.0,,,4135.0,541332.0716866499,530735.9322738936,0.35,414.0,,,,,,,,,,,,0,
10,34,necessity,-3511.3028242904693,3421.5,2539.719357705765,22152.45625009765,0.1,36.0,280.0,,,4135.0,775335.9687534177,778847.2715777082,0.35,414.0,,,,,,,,,,,,0,
11,34,necessity,-444721.02729134506,3555.5,3769.0514499687047,19753.37278215595,0.1,35.0,188.0,,,4135.0,711121.4201576143,1155842.4474489593,0.35,414.0,,,,,,,,,,,,0,
12,34,necessity,-70265.59898359166,3781.5,2539.719357705765,20245.190645546187,0.1,36.0,90.0,,,4135.0,708581.6725941165,778847.2715777082,0.35,414.0,,,,,,,,,,,,0,
13,34,necessity,-930156.4340941431,4105.5,3778.471217898243,6349.298394264412,0.1,35.0,179.0,,,4135.0,228574.74219351885,1158731.176287662,0.35,414.0,,,,,,,,,,,,0,
14,34,necessity,-102500.92357392272,4340.5,2539.719357705765,19324.181371536728,0.1,36.0,213.0,,,4135.0,676346.3480037855,778847.2715777082,0.35,414.0,,,,,,,,,,,,0,
15,34,necessity,-591144.2787207762,4541.5,3691.6451060137574,15026.672866425777,0.1,35.0,107.0,,,4135.0,540960.223191328,1132104.5019121042,0.35,414.0,,,,,,,,,,,,0,
16,34,necessity,-383841.2452342361,4848.5,2539.719357705765,11285.886466956345,0.1,34.0,280.0,,,4135.0,395006.02634347207,778847.2715777082,0.35,414.0,,,,,,,,,,,,0,
17,34,necessity,163329.68347434688,4982.5,1786.2773979133665,20915.335886988654,0.1,35.0,240.0,,,4135.0,711121.4201576143,547791.7366832674,0.35,414.0,,,,,,,,,,,,0,
18,34,necessity,-332500.19385411614,5156.5,2482.1959810260664,12248.75929997737,0.1,34.0,229.0,,,4135.0,428706.57549920795,761206.7693533241,0.35,414.0,,,,,,,,,,,,0,
19,34,necessity,20631.142971701804,5341.5,1786.2773979133665,16718.319989852036,0.1,35.0,208.0,,,4135.0,568422.8796549692,547791.7366832674,0.35,414.0,,,,,,,,,,,,0,
20,34,necessity,-403347.57878220995,5547.5,2526.8258989450023,10615.591393313722,0.1,34.0,22.0,,,4135.0,371545.69876598025,774893.2775481902,0.35,414.0,,,,,,,,,,,,0,
21,34,necessity,-492201.5669064773,5939.5,1786.2773979133665,1635.0049934350013,0.1,33.0,208.0,,,4135.0,55590.16977679005,547791.7366832674,0.35,414.0,,,,,,,,,,,,0,
22,34,necessity,71865.30138652748,6145.5,977.2186847464797,11258.960568666069,0.1,34.0,600.0,,,4135.0,371545.69876598025,299680.39737945277,0.35,414.0,,,,,,,,,,,,0,
23,34,necessity,72344.02430336416,5959.5,1676.0451694663327,17245.03561317317,0.1,35.0,242.0,,,4135.0,586331.2108478878,513987.18654452363,0.35,414.0,,,,,,,,,,,,0,
24,34,necessity,-327353.9246199022,6131.5,2390.0766973706336,11588.655171738643,0.1,34.0,252.0,,,4135.0,405602.9310108525,732956.8556307547,0.35,414.0,,,,,,,,,,,,0,
25,34,necessity,83649.2612717158,6293.5,1691.2502126507804,17714.68610992352,0.1,35.0,442.0,,,4135.0,602299.3277373997,518650.0664656839,0.35,414.0,,,,,,,,,,,,0,
26,34,necessity,-7077.220043434529,6265.5,2460.684170257665,21358.074114046998,0.1,36.0,311.0,,,4135.0,747532.5939916449,754609.8140350794,0.35,414.0,,,,,,,,,,,,0,
27,34,necessity,-370895.4587817276,6368.5,3704.8964119157404,21257.577137503715,0.1,35.0,189.0,,,4135.0,765272.7769501337,1136168.2357318613,0.35,414.0,,,,,,,,,,,,0,
28,34,necessity,-54384.39218300453,6593.5,2460.684170257665,20006.440624344996,0.1,34.0,127.0,,,4135.0,700225.4218520749,754609.8140350794,0.35,414.0,,,,,,,,,,,,0,
29,34,necessity,-223133.25532612484,6880.5,1746.6526423533637,9191.37910655069,0.1,33.0,197.0,,,4135.0,312506.88962272345,535640.1449488483,0.35,414.0,,,,,,,,,,,,0,
30,34,necessity,44410.173164159874,7097.5,977.2186847464797,10426.98698617008,0.1,34.0,1000.0,,,4135.0,344090.57054361264,299680.39737945277,0.35,414.0,,,,,,,,,,,,0,
31,34,necessity,460449.6948090828,6511.5,1685.1162674646607,28741.726021955285,0.1,35.0,323.0,,,4135.0,977218.6847464796,516768.98993739684,0.35,414.0,,,,,,,,,,,,0,
32,34,necessity,-205487.23585127247,6602.5,2444.9340927107464,15551.215839745297,0.1,34.0,221.0,,,4135.0,544292.5543910854,749779.7902423579,0.35,414.0,,,,,,,,,,,,0,
33,34,necessity,7639.236804661225,6795.5,1737.0365099925657,15892.071602619852,0.1,35.0,215.0,,,4135.0,540330.434489075,532691.1976844138,0.35,414.0,,,,,,,,,,,,0,
34,34,necessity,-389394.35143617995,6994.5,2487.5778236149936,10670.367132811474,0.1,34.0,288.0,,,4135.0,373462.8496484016,762857.2010845816,0.35,414.0,,,,,,,,,,,,0,
35,34,necessity,183731.21551670437,7120.5,1737.0365099925657,21071.247447091708,0.1,35.0,198.0,,,4135.0,716422.4132011181,532691.1976844138,0.35,414.0,,,,,,,,,,,,0,
36,34,necessity,-467825.1421011767,7336.5,2647.0381601704426,9826.6636851008,0.1,34.0,235.0,,,4135.0,343933.228978528,811758.3710797047,0.35,414.0,,,,,,,,,,,,0,
37,34,necessity,43306.39686531015,7515.5,1887.2203349243573,18295.70493058982,0.1,35.0,152.0,,,4135.0,622053.967640054,578747.5707747438,0.35,414.0,,,,,,,,,,,,0,
38,34,necessity,-514371.6372675725,7777.5,2612.7036725241483,8195.928311671494,0.1,34.0,132.0,,,4135.0,286857.4909085023,801229.1281760748,0.35,414.0,,,,,,,,,,,,0,
39,34,necessity,-233870.68600155623,8059.5,1887.2203349243573,10143.437787446694,0.1,35.0,121.0,,,4135.0,344876.8847731876,578747.5707747438,0.35,414.0,,,,,,,,,,,,0,
40,34,necessity,-600133.42862248,8352.5,2701.5883276537525,6524.390300738492,0.1,34.0,200.0,,,4135.0,228353.66052584723,828487.0891483272,0.35,414.0,,,,,,,,,,,,0,
41,34,necessity,-38429.90524399327,8566.5,1887.2203349243573,15891.696045022074,0.1,35.0,213.0,,,4135.0,540317.6655307505,578747.5707747438,0.35,414.0,,,,,,,,,,,,0,
