data/saved_data/run_2025_05_06_1909_new_prod_but_no_zeros/firm_data.csv
Step,AgentID,FirmType,Profit,Inventory,ProductPrice,RevenuePerEmployee,ProductionLevel,NumEmployees,DemandReceived,InventoryDemandRatio,SellThroughRate,ProductionCapacity,Revenue,Costs,Markup,ProducedUnits,IncomeBracket,NumPeople,SpendRatio,PostTaxIncome,HouseholdExpense,HouseholdSavings,HealthLevel,Welfare,SkillLevel,SkillType,JobLevel,IsEmployed,Wage
4,38,luxury,-1680788.335629398,432.20000000000005,104946.39535044215,55969.57139055558,0.1,17.0,0.0,,,342.0,895513.1422488893,2576301.4778782874,0.385,34.0,,,,,,,,,,,,0,
5,38,luxury,-3551270.3153798496,466.20000000000005,134217.12414841127,0.0,0.1,16.0,2.0,,,342.0,0.0,3551270.3153798496,0.28500000000000003,34.0,,,,,,,,,,,,0,
6,38,luxury,-1704574.8504570806,498.20000000000005,68765.1680370061,16777.14051855141,0.1,17.0,5.0,,,342.0,268434.24829682254,1973009.098753903,0.18500000000000003,34.0,,,,,,,,,,,,0,
7,38,luxury,-3264966.780648452,527.2,115162.93760121739,20225.04942264885,0.1,18.0,5.0,,,342.0,343825.8401850305,3608792.6208334826,0.08500000000000002,34.0,,,,,,,,,,,,0,
8,38,luxury,-3706751.529528075,556.2,127217.40448506175,31989.704889227054,0.1,19.0,0.0,,,342.0,575814.688006087,4282566.217534162,0.01,34.0,,,,,,,,,,,,0,
9,38,luxury,-5253104.430707364,590.2,156048.0976166571,0.0,0.1,18.0,5.0,,,342.0,0.0,5253104.430707364,0.01,34.0,,,,,,,,,,,,0,
10,38,luxury,-2837080.4205444995,619.2,107455.7061840693,43346.69378240475,0.1,19.0,5.0,,,342.0,780240.4880832855,3617320.908627785,0.01,34.0,,,,,,,,,,,,0,
11,38,luxury,-4633336.513161659,648.2,153597.67767426907,28277.817416860344,0.1,18.0,8.0,,,342.0,537278.5309203465,5170615.0440820055,0.01,34.0,,,,,,,,,,,,0,
12,38,luxury,-2388539.4872336322,674.2,107455.7061840693,68265.63452189736,0.1,19.0,3.0,,,342.0,1228781.4213941526,3617320.908627785,0.01,34.0,,,,,,,,,,,,0,
13,38,luxury,-4841875.302692966,705.2,153408.37329556624,16966.690450116206,0.1,18.0,2.0,,,342.0,322367.11855220795,5164242.421245174,0.01,34.0,,,,,,,,,,,,0,
14,38,luxury,-3310504.162036652,737.2,107455.7061840693,17045.374810618472,0.1,19.0,8.0,,,342.0,306816.7465911325,3617320.908627785,0.01,34.0,,,,,,,,,,,,0,
15,38,luxury,-4365188.909396738,763.2,155208.316154402,45244.50786697655,0.1,20.0,2.0,,,342.0,859645.6494725544,5224834.558869292,0.01,34.0,,,,,,,,,,,,0,
16,38,luxury,-5952150.472771167,795.2,186035.07617928516,15520.831615440202,0.1,19.0,2.0,,,342.0,310416.632308804,6262567.105079971,0.01,34.0,,,,,,,,,,,,0,
17,38,luxury,-4282983.302479894,827.2,138282.46620895245,19582.63959781949,0.1,20.0,5.0,,,342.0,372070.1523585703,4655053.454838464,0.01,34.0,,,,,,,,,,,,0,
18,38,luxury,-5559579.6204234855,856.2,185691.22603799132,34570.61655223811,0.1,21.0,6.0,,,342.0,691412.3310447623,6250991.951468248,0.01,34.0,,,,,,,,,,,,0,
19,38,luxury,-6678117.128021881,884.2,231476.08522400717,53054.63601085466,0.1,22.0,3.0,,,342.0,1114147.3562279479,7792264.484249829,0.01,34.0,,,,,,,,,,,,0,
20,38,luxury,-8057434.837302645,915.2,259981.80776242958,31564.920712364616,0.1,21.0,1.0,,,342.0,694428.2556720215,8751863.092974667,0.01,34.0,,,,,,,,,,,,0,
21,38,luxury,-6950608.752430657,948.2,214196.9485764138,12380.086083925218,0.1,20.0,1.0,,,342.0,259981.80776242958,7210590.560193086,0.01,34.0,,,,,,,,,,,,0,
22,38,luxury,-5400455.114986887,981.2,166788.1887473749,10709.847428820689,0.1,19.0,2.0,,,342.0,214196.9485764138,5614652.063563301,0.01,34.0,,,,,,,,,,,,0,
23,38,luxury,-4321477.077343714,1013.2,138282.46620895245,17556.651447092096,0.1,20.0,4.0,,,342.0,333576.3774947498,4655053.454838464,0.01,34.0,,,,,,,,,,,,0,
24,38,luxury,-5766307.04414589,1043.2,187724.44383373743,27656.49324179049,0.1,21.0,2.0,,,342.0,553129.8648358098,6319436.9089816995,0.01,34.0,,,,,,,,,,,,0,
25,38,luxury,-7617170.022374355,1075.2,237427.79005042528,17878.518460355946,0.1,20.0,0.0,,,342.0,375448.88766747486,7992618.9100418305,0.01,34.0,,,,,,,,,,,,0,
26,38,luxury,-6328235.455898595,1109.2,187985.81242564027,0.0,0.1,19.0,5.0,,,342.0,0.0,6328235.455898595,0.01,34.0,,,,,,,,,,,,0,
27,38,luxury,-3715124.392710263,1138.2,138282.46620895245,49469.95063832639,0.1,20.0,8.0,,,342.0,939929.0621282014,4655053.454838464,0.01,34.0,,,,,,,,,,,,0,
28,38,luxury,-5148718.149278633,1164.2,185809.6315273566,55312.98648358098,0.1,21.0,2.0,,,342.0,1106259.7296716196,6254977.878950253,0.01,34.0,,,,,,,,,,,,0,
29,38,luxury,-7340514.896802389,1196.2,229095.74330470385,17696.155383557772,0.1,20.0,4.0,,,342.0,371619.2630547132,7712134.159857103,0.01,34.0,,,,,,,,,,,,0,
30,38,luxury,-5338594.905731438,1226.2,185809.6315273566,45819.14866094077,0.1,21.0,6.0,,,342.0,916382.9732188154,6254977.878950253,0.01,34.0,,,,,,,,,,,,0,
31,38,luxury,-6695129.427441296,1254.2,232002.55461085108,53088.46615067332,0.1,22.0,2.0,,,342.0,1114857.7891641397,7809987.216605436,0.01,34.0,,,,,,,,,,,,0,
32,38,luxury,-8351100.27667894,1286.2,261860.47582056394,21091.14132825919,0.1,21.0,2.0,,,342.0,464005.10922170215,8815105.385900643,0.01,34.0,,,,,,,,,,,,0,
33,38,luxury,-6736375.096604332,1318.2,215667.55273706946,24939.092935291803,0.1,22.0,3.0,,,342.0,523720.9516411279,7260096.04824546,0.01,34.0,,,,,,,,,,,,0,
34,38,luxury,-8140595.184414342,1349.2,261043.34000024904,29409.21173687311,0.1,23.0,2.0,,,342.0,647002.6582112084,8787597.84262555,0.01,34.0,,,,,,,,,,,,0,
35,38,luxury,-9194813.332431251,1381.2,288649.0801149114,22699.420869586873,0.1,22.0,3.0,,,342.0,522086.6800004981,9716900.01243175,0.01,34.0,,,,,,,,,,,,0,
36,38,luxury,-7323450.977706926,1412.2,243273.2928517319,39361.238197487924,0.1,23.0,4.0,,,342.0,865947.2403447343,8189398.21805166,0.01,34.0,,,,,,,,,,,,0,
37,38,luxury,-8773880.968716417,1442.2,289542.4585877094,42308.39875682294,0.1,24.0,0.0,,,342.0,973093.1714069276,9746974.140123345,0.01,34.0,,,,,,,,,,,,0,
38,38,luxury,-11239007.920983272,1476.2,333864.63724495494,0.0,0.1,23.0,2.0,,,342.0,0.0,11239007.920983272,0.01,34.0,,,,,,,,,,,,0,
39,38,luxury,-9079244.865633436,1508.2,289542.4585877094,29031.70758651782,0.1,24.0,1.0,,,342.0,667729.2744899099,9746974.140123345,0.01,34.0,,,,,,,,,,,,0,
40,38,luxury,-10927323.27024821,1541.2,333206.8839093352,12064.269107821225,0.1,23.0,3.0,,,342.0,289542.4585877094,11216865.72883592,0.01,34.0,,,,,,,,,,,,0,
41,38,luxury,-8747353.488395339,1572.2,289542.4585877094,43461.76746643503,0.1,24.0,2.0,,,342.0,999620.6517280056,9746974.140123345,0.01,34.0,,,,,,,,,,,,0,
4,39,luxury,-1971788.0528618349,494.5,86345.97049872819,5227.25168234847,0.1,77.0,8.0,,,385.0,397271.12785848376,2369059.1807203186,0.385,38.0,,,,,,,,,,,,0,
5,39,luxury,-2573135.0233981656,524.5,110371.44661637164,8971.009921945786,0.1,78.0,12.0,,,385.0,690767.7639898255,3263902.787387991,0.28500000000000003,38.0,,,,,,,,,,,,0,
6,39,luxury,-2629257.055246031,550.5,123293.45942257611,16980.222556364868,0.1,79.0,6.0,,,385.0,1324457.3593964598,3953714.4146424904,0.18500000000000003,38.0,,,,,,,,,,,,0,
7,39,luxury,-4154345.098070408,582.5,140383.5589772851,9364.060209309577,0.1,78.0,3.0,,,385.0,739760.7565354566,4894105.854605865,0.09000000000000001,38.0,,,,,,,,,,,,0,
8,39,luxury,-3003863.8007375402,617.5,91033.27714244243,5399.367652972504,0.1,77.0,3.0,,,385.0,421150.6769318553,3425014.4776693955,0.01,38.0,,,,,,,,,,,,0,
9,39,luxury,-2257071.039574396,652.5,67249.27664374905,3546.7510574977573,0.1,76.0,3.0,,,385.0,273099.8314273273,2530170.871001723,0.01,38.0,,,,,,,,,,,,0,
10,39,luxury,-1430984.3923628042,687.5,43396.30266107077,2654.576709621673,0.1,75.0,10.0,,,385.0,201747.82993124716,1632732.2222940512,0.01,38.0,,,,,,,,,,,,0,
11,39,luxury,-258377.7557199691,715.5,18401.68873032355,5786.17368814277,0.1,76.0,60.0,,,385.0,433963.0266107077,692340.7823306768,0.01,38.0,,,,,,,,,,,,0,
12,39,luxury,-477613.68634056766,693.5,42040.31890055951,14527.648997623854,0.1,77.0,48.0,,,385.0,1104101.3238194128,1581715.0101599805,0.01,38.0,,,,,,,,,,,,0,
13,39,luxury,-465958.39125942206,683.5,66019.27814347009,26206.95204190723,0.1,78.0,19.0,,,385.0,2017935.3072268567,2483893.6984862788,0.01,38.0,,,,,,,,,,,,0,
14,39,luxury,-2750591.5615081536,702.5,106447.56100654908,16081.619034947842,0.1,77.0,13.0,,,385.0,1254366.2847259317,4004957.846234085,0.01,38.0,,,,,,,,,,,,0,
15,39,luxury,-1100075.4054011407,727.5,66019.27814347009,17971.666143962833,0.1,78.0,19.0,,,385.0,1383818.293085138,2483893.6984862788,0.01,38.0,,,,,,,,,,,,0,
16,39,luxury,-2649068.0938030668,746.5,103749.17417276617,16081.619034947842,0.1,77.0,7.0,,,385.0,1254366.2847259317,3903434.3785289982,0.01,38.0,,,,,,,,,,,,0,
17,39,luxury,-1757649.4792769155,777.5,66019.27814347009,9431.743106615108,0.1,76.0,4.0,,,385.0,726244.2192093632,2483893.6984862788,0.01,38.0,,,,,,,,,,,,0,
18,39,luxury,-1330442.3580830945,811.5,42380.647973234125,3474.6988496563204,0.1,75.0,34.0,,,385.0,264077.11257388035,1594519.4706569747,0.01,38.0,,,,,,,,,,,,0,
19,39,luxury,748601.2487592833,815.5,18401.68873032355,19212.560414532803,0.1,76.0,29.0,,,385.0,1440942.0310899601,692340.7823306768,0.01,38.0,,,,,,,,,,,,0,
20,39,luxury,-1088839.2599870572,824.5,43124.028220370434,7021.697015518197,0.1,75.0,20.0,,,385.0,533648.973179383,1622488.2331664402,0.01,38.0,,,,,,,,,,,,0,
21,39,luxury,170139.7820767319,842.5,18401.68873032355,11499.74085876545,0.1,76.0,42.0,,,385.0,862480.5644074087,692340.7823306768,0.01,38.0,,,,,,,,,,,,0,
22,39,luxury,-765256.2914242686,838.5,40881.80129992197,10169.354298336699,0.1,75.0,12.0,,,385.0,772870.926673589,1538127.2180978577,0.01,38.0,,,,,,,,,,,,0,
23,39,luxury,-201759.1667316131,864.5,18401.68873032355,6541.0882079875155,0.1,74.0,55.0,,,385.0,490581.6155990637,692340.7823306768,0.01,38.0,,,,,,,,,,,,0,
24,39,luxury,-14130022.274908382,847.5,402461.47116224916,13676.930813078314,0.1,75.0,1.0,,,385.0,1012092.8801677952,15142115.155076178,0.01,38.0,,,,,,,,,,,,0,
25,39,luxury,-535406.5191433812,884.5,24927.543296872194,5366.152948829988,0.1,74.0,41.0,,,385.0,402461.47116224916,937867.9903056303,0.01,38.0,,,,,,,,,,,,0,
26,39,luxury,-14120085.879904417,881.5,402461.47116224916,13811.20642124,0.1,75.0,0.0,,,385.0,1022029.27517176,15142115.155076178,0.01,38.0,,,,,,,,,,,,0,
27,39,luxury,-859980.4182351715,919.5,22857.373672635513,0.0,0.1,74.0,35.0,,,385.0,0.0,859980.4182351715,0.01,38.0,,,,,,,,,,,,0,
28,39,luxury,-14342107.076533934,922.5,402461.47116224916,10810.919980300581,0.1,75.0,1.0,,,385.0,800008.078542243,15142115.155076178,0.01,38.0,,,,,,,,,,,,0,
29,39,luxury,-487155.9317379463,959.5,23645.09350747642,5366.152948829988,0.1,74.0,29.0,,,385.0,402461.47116224916,889617.4029001954,0.01,38.0,,,,,,,,,,,,0,
30,39,luxury,-14456407.443359362,968.5,402461.47116224916,9266.320428605624,0.1,75.0,1.0,,,385.0,685707.7117168162,15142115.155076178,0.01,38.0,,,,,,,,,,,,0,
31,39,luxury,-472158.16556738975,1005.5,23246.46868027544,5366.152948829988,0.1,74.0,46.0,,,385.0,402461.47116224916,874619.6367296389,0.01,38.0,,,,,,,,,,,,0,
32,39,luxury,-14072777.595783507,997.5,402461.47116224916,14450.507558009058,0.1,75.0,1.0,,,385.0,1069337.5592926703,15142115.155076178,0.01,38.0,,,,,,,,,,,,0,
33,39,luxury,-490479.6690889585,1034.5,23733.434945270656,5366.152948829988,0.1,74.0,69.0,,,385.0,402461.47116224916,892941.1402512076,0.01,38.0,,,,,,,,,,,,0,
34,39,luxury,-13504508.143852502,1003.5,402461.47116224916,22129.82447599561,0.1,75.0,0.0,,,385.0,1637607.0112236752,15142115.155076178,0.01,38.0,,,,,,,,,,,,0,
35,39,luxury,-861331.0269247465,1041.5,22893.27142896638,0.0,0.1,74.0,26.0,,,385.0,0.0,861331.0269247465,0.01,38.0,,,,,,,,,,,,0,
36,39,luxury,-14546890.097923052,1053.5,402461.47116224916,8043.58185342062,0.1,75.0,0.0,,,385.0,595225.0571531259,15142115.155076178,0.01,38.0,,,,,,,,,,,,0,
37,39,luxury,-896598.9966120364,1091.5,23830.656914407893,0.0,0.1,74.0,42.0,,,385.0,0.0,896598.9966120364,0.01,38.0,,,,,,,,,,,,0,
38,39,luxury,-14141227.564671047,1087.5,402461.47116224916,13525.507978447722,0.1,75.0,1.0,,,385.0,1000887.5904051315,15142115.155076178,0.01,38.0,,,,,,,,,,,,0,
39,39,luxury,-459135.2272597489,1124.5,22900.3326975233,5366.152948829988,0.1,74.0,53.0,,,385.0,402461.47116224916,861596.6984219981,0.01,38.0,,,,,,,,,,,,0,
40,39,luxury,-13928397.522107443,1109.5,402461.47116224916,16401.589634712633,0.1,75.0,0.0,,,385.0,1213717.632968735,15142115.155076178,0.01,38.0,,,,,,,,,,,,0,
41,39,luxury,-857944.9630629296,1147.5,22803.273418165405,0.0,0.1,74.0,57.0,,,385.0,0.0,857944.9630629296,0.01,38.0,,,,,,,,,,,,0,
