data/saved_data/run_2025_05_06_1909_new_prod_but_no_zeros/firm_data.csv
Step,AgentID,FirmType,Profit,Inventory,ProductPrice,RevenuePerEmployee,ProductionLevel,NumEmployees,DemandReceived,InventoryDemandRatio,SellThroughRate,ProductionCapacity,Revenue,Costs,Markup,ProducedUnits,IncomeBracket,NumPeople,SpendRatio,PostTaxIncome,HouseholdExpense,HouseholdSavings,HealthLevel,Welfare,SkillLevel,SkillType,JobLevel,IsEmployed,Wage
4,40,luxury,-1229865.0470701398,403.6,65901.32242237855,16522.606565291753,0.1,60.0,21.0,,,456.0,974833.7873522134,2204698.834422353,0.375,46.0,,,,,,,,,,,,0,
5,40,luxury,-1658081.129208991,428.6,87953.73367720125,23065.462847832492,0.1,61.0,12.0,,,456.0,1383927.7708699496,3042008.9000789407,0.33,46.0,,,,,,,,,,,,0,
6,40,luxury,-2575028.465179638,462.6,97075.69617762498,17302.373838137948,0.1,60.0,9.0,,,456.0,1055444.804126415,3630473.269306053,0.23,46.0,,,,,,,,,,,,0,
7,40,luxury,-1395914.0274791932,499.6,55753.10055271378,14561.354426643748,0.1,59.0,13.0,,,456.0,873681.2655986248,2269595.293077818,0.13,46.0,,,,,,,,,,,,0,
8,40,luxury,-707494.9202359512,532.6,32070.73374289421,12284.581477716596,0.1,58.0,53.0,,,456.0,724790.3071852792,1432285.2274212304,0.03,46.0,,,,,,,,,,,,0,
9,40,luxury,1108756.7607073584,525.6,12976.131216664437,29306.01531678264,0.1,59.0,52.0,,,456.0,1699748.888373393,590992.1276660349,0.01,46.0,,,,,,,,,,,,0,
10,40,luxury,-794928.9239974571,519.6,32269.230271030818,11436.59022485679,0.1,58.0,22.0,,,456.0,674758.8232665507,1469687.7472640078,0.01,46.0,,,,,,,,,,,,0,
11,40,luxury,118930.93829664309,543.6,12976.131216664437,12240.052861425482,0.1,59.0,44.0,,,456.0,709923.0659626779,590992.1276660349,0.01,46.0,,,,,,,,,,,,0,
12,40,luxury,-882767.2748651527,545.6,31918.569281821794,9677.114805648054,0.1,58.0,30.0,,,456.0,570949.7735332352,1453717.0483983879,0.01,46.0,,,,,,,,,,,,0,
13,40,luxury,366564.950788619,561.6,12976.131216664437,16509.604800942307,0.1,59.0,81.0,,,456.0,957557.0784546538,590992.1276660349,0.01,46.0,,,,,,,,,,,,0,
14,40,luxury,-409306.0201046637,526.6,32064.703110354887,17814.688619488465,0.1,60.0,18.0,,,456.0,1051066.6285498193,1460372.648654483,0.01,46.0,,,,,,,,,,,,0,
15,40,luxury,-1704710.3593301515,554.6,50102.037290601475,9619.410933106466,0.1,59.0,9.0,,,456.0,577164.655986388,2281875.0153165394,0.01,46.0,,,,,,,,,,,,0,
16,40,luxury,-1009454.3130390698,591.6,32064.703110354887,7642.68365449853,0.1,58.0,40.0,,,456.0,450918.33561541326,1460372.648654483,0.01,46.0,,,,,,,,,,,,0,
17,40,luxury,691595.9967481607,597.6,12976.131216664437,22113.588351968887,0.1,59.0,72.0,,,456.0,1282588.1244141955,590992.1276660349,0.01,46.0,,,,,,,,,,,,0,
18,40,luxury,-555804.9778169349,571.6,32717.114281604954,15835.278772878633,0.1,58.0,33.0,,,456.0,934281.4475998394,1490086.4254167743,0.01,46.0,,,,,,,,,,,,0,
19,40,luxury,488672.6436269287,584.6,12976.131216664437,18614.90984987868,0.1,59.0,43.0,,,456.0,1079664.7712929635,590992.1276660349,0.01,46.0,,,,,,,,,,,,0,
20,40,luxury,-887803.6411713832,587.6,31744.239664752044,9457.180378246961,0.1,58.0,65.0,,,456.0,557973.6423165707,1445777.283487954,0.01,46.0,,,,,,,,,,,,0,
21,40,luxury,1472383.450542848,568.6,12976.131216664437,35575.44100360143,0.1,59.0,112.0,,,456.0,2063375.5782088828,590992.1276660349,0.01,46.0,,,,,,,,,,,,0,
22,40,luxury,56330.135236218804,502.6,30673.18469494164,24632.65586892232,0.1,58.0,26.0,,,456.0,1453326.696266417,1396996.5610301981,0.01,46.0,,,,,,,,,,,,0,
23,40,luxury,206510.67440244777,522.6,12976.131216664437,13750.048311525563,0.1,57.0,104.0,,,456.0,797502.8020684826,590992.1276660349,0.01,46.0,,,,,,,,,,,,0,
24,40,luxury,-9669514.11190582,464.6,241939.60508877624,23675.748184791253,0.1,58.0,3.0,,,456.0,1349517.6465331013,11019031.758438922,0.01,46.0,,,,,,,,,,,,0,
25,40,luxury,-110778.1294748421,507.6,18368.75860477878,12514.117504591875,0.1,57.0,124.0,,,456.0,725818.8152663287,836596.9447411709,0.01,46.0,,,,,,,,,,,,0,
26,40,luxury,-8741305.691446353,429.6,241939.60508877624,39960.10643846612,0.1,58.0,1.0,,,456.0,2277726.066992569,11019031.758438922,0.01,46.0,,,,,,,,,,,,0,
27,40,luxury,-562377.1148263037,474.6,17659.997162048556,4171.3725015306245,0.1,57.0,35.0,,,456.0,241939.60508877624,804316.7199150799,0.01,46.0,,,,,,,,,,,,0,
28,40,luxury,-10400931.857767222,485.6,241939.60508877624,10843.857906521043,0.1,58.0,1.0,,,456.0,618099.9006716994,11019031.758438922,0.01,46.0,,,,,,,,,,,,0,
29,40,luxury,-600765.9525525728,530.6,18502.88249380174,4171.3725015306245,0.1,57.0,64.0,,,456.0,241939.60508877624,842705.557641349,0.01,46.0,,,,,,,,,,,,0,
30,40,luxury,-9834847.278835611,512.6,241939.60508877624,20775.166308830023,0.1,58.0,2.0,,,456.0,1184184.4796033113,11019031.758438922,0.01,46.0,,,,,,,,,,,,0,
31,40,luxury,-317649.6480936906,556.6,17598.785418590654,8342.745003061249,0.1,57.0,107.0,,,456.0,483879.2101775525,801528.858271243,0.01,46.0,,,,,,,,,,,,0,
32,40,luxury,-9135961.718649723,495.6,241939.60508877624,33036.316487529824,0.1,58.0,5.0,,,456.0,1883070.0397892,11019031.758438922,0.01,46.0,,,,,,,,,,,,0,
33,40,luxury,389440.7035102362,536.6,18009.99732919531,20856.862507653124,0.1,57.0,27.0,,,456.0,1209698.0254438813,820257.321933645,0.01,46.0,,,,,,,,,,,,0,
34,40,luxury,-10532761.830550648,555.6,241939.60508877624,8531.051366460937,0.1,56.0,2.0,,,456.0,486269.9278882734,11019031.758438922,0.01,46.0,,,,,,,,,,,,0,
35,40,luxury,-10341880.54826137,599.6,237696.02431146277,8640.700181742008,0.1,57.0,4.0,,,456.0,483879.2101775525,10825759.758438922,0.01,46.0,,,,,,,,,,,,0,
36,40,luxury,102911.7037196348,641.6,18616.328235764136,16680.42275869914,0.1,58.0,91.0,,,456.0,950784.0972458511,847872.3935262163,0.01,46.0,,,,,,,,,,,,0,
37,40,luxury,-590711.8229074634,596.6,50166.209111291544,29208.37705956097,0.1,59.0,6.0,,,456.0,1694085.8694545364,2284797.692362,0.01,46.0,,,,,,,,,,,,0,
38,40,luxury,-2851373.6038856087,636.6,69215.09778095204,5101.64838419914,0.1,58.0,20.0,,,456.0,300997.2546677493,3152370.858553358,0.01,46.0,,,,,,,,,,,,0,
39,40,luxury,-331143.60409853375,662.6,37665.21690542464,23867.275096880014,0.1,59.0,41.0,,,456.0,1384301.9556190409,1715445.5597175746,0.01,46.0,,,,,,,,,,,,0,
40,40,luxury,-1558999.1089467348,667.6,68137.0796511469,26174.133781735767,0.1,60.0,18.0,,,456.0,1544273.8931224102,3103273.002069145,0.01,46.0,,,,,,,,,,,,0,
41,40,luxury,-2384004.6568981293,695.6,79273.40722285987,20441.12389534407,0.1,59.0,13.0,,,456.0,1226467.433720644,3610472.0906187734,0.01,46.0,,,,,,,,,,,,0,
4,41,luxury,-1861091.6534157516,751.8,56688.79434715831,9975.925971212515,0.1,34.0,20.0,,,538.0,349157.408992438,2210249.0624081898,0.385,54.0,,,,,,,,,,,,0,
5,41,luxury,287415.94371704943,785.8,20140.231609357936,33346.34961597547,0.1,35.0,81.0,,,538.0,1133775.8869431661,846359.9432261167,0.28500000000000003,54.0,,,,,,,,,,,,0,
6,41,luxury,-611771.5004390986,758.8,51508.91614591624,46610.25029594265,0.1,36.0,37.0,,,538.0,1631358.7603579927,2243130.2607970913,0.24000000000000005,54.0,,,,,,,,,,,,0,
7,41,luxury,-1190859.6916558153,775.8,69102.05343905334,52939.71937219169,0.1,37.0,9.0,,,538.0,1905829.897398901,3096689.5890547163,0.20500000000000004,54.0,,,,,,,,,,,,0,
8,41,luxury,-3018419.6958080297,820.8,74492.10390420657,16808.607593283246,0.1,36.0,17.0,,,538.0,621918.4809514801,3640338.17675951,0.10500000000000004,54.0,,,,,,,,,,,,0,
9,41,luxury,-977202.0928170232,857.8,41963.02770032208,35176.8268436531,0.1,37.0,12.0,,,538.0,1266365.7663715116,2243567.859188535,0.01,54.0,,,,,,,,,,,,0,
10,41,luxury,-3089056.0310172113,899.8,67195.15592333577,13609.630605509865,0.1,36.0,8.0,,,538.0,503556.332403865,3592612.3634210764,0.01,54.0,,,,,,,,,,,,0,
11,41,luxury,-1706006.6118018487,945.8,41963.02770032208,14932.256871852393,0.1,37.0,15.0,,,538.0,537561.2473866862,2243567.859188535,0.01,54.0,,,,,,,,,,,,0,
12,41,luxury,-2953452.941840343,984.8,67013.4680352807,17012.038256887332,0.1,38.0,16.0,,,538.0,629445.4155048312,3582898.3573451745,0.01,54.0,,,,,,,,,,,,0,
13,41,luxury,-3373985.7653539935,1022.8,83160.42932031926,28216.197067486613,0.1,39.0,18.0,,,538.0,1072215.4885644913,4446201.253918485,0.01,54.0,,,,,,,,,,,,0,
14,41,luxury,-3798270.9160283706,1058.8,99039.07650357376,38381.736609378124,0.1,40.0,4.0,,,538.0,1496887.7277657469,5295158.6437941175,0.01,54.0,,,,,,,,,,,,0,
15,41,luxury,-6271771.253455328,1108.8,124714.93908054408,9903.907650357376,0.1,39.0,7.0,,,538.0,396156.306014295,6667927.559469623,0.01,54.0,,,,,,,,,,,,0,
16,41,luxury,-4455592.487749175,1155.8,99664.49874558547,22384.732655482272,0.1,40.0,11.0,,,538.0,873004.5735638086,5328597.061312984,0.01,54.0,,,,,,,,,,,,0,
17,41,luxury,-5535830.420036274,1198.8,124045.57743063915,27407.737155036004,0.1,41.0,4.0,,,538.0,1096309.4862014402,6632139.906237714,0.01,54.0,,,,,,,,,,,,0,
18,41,luxury,-6999560.100396797,1248.8,140198.1424818964,12102.007554208698,0.1,40.0,3.0,,,538.0,496182.3097225566,7495742.410119354,0.01,54.0,,,,,,,,,,,,0,
19,41,luxury,-5771605.137748934,1299.8,115817.0637968427,10514.860686142229,0.1,39.0,5.0,,,538.0,420594.42744568916,6192199.565194624,0.01,54.0,,,,,,,,,,,,0,
20,41,luxury,-4240345.330534904,1348.8,90141.20121987237,14848.34151241573,0.1,40.0,4.0,,,538.0,579085.3189842135,4819430.649519118,0.01,54.0,,,,,,,,,,,,0,
21,41,luxury,-5783361.359942235,1398.8,114914.17243621795,9014.120121987236,0.1,39.0,0.0,,,538.0,360564.8048794895,6143926.164821724,0.01,54.0,,,,,,,,,,,,0,
22,41,luxury,-4819430.649519118,1452.8,90141.20121987237,0.0,0.1,38.0,5.0,,,538.0,0.0,4819430.649519118,0.01,54.0,,,,,,,,,,,,0,
23,41,luxury,-3529971.5741794477,1501.8,74453.41262274417,11860.684371035837,0.1,39.0,16.0,,,538.0,450706.0060993618,3980677.5802788096,0.01,54.0,,,,,,,,,,,,0,
24,41,luxury,-4087617.8426397294,1539.8,98734.46426509645,30544.989793946326,0.1,40.0,7.0,,,538.0,1191254.6019639068,5278872.444603636,0.01,54.0,,,,,,,,,,,,0,
25,41,luxury,-5881185.368254472,1586.8,122926.84743267408,17278.531246391878,0.1,39.0,5.0,,,538.0,691141.2498556752,6572326.618110146,0.01,54.0,,,,,,,,,,,,0,
26,41,luxury,-4664238.207440265,1635.8,98734.46426509645,15759.852234958218,0.1,38.0,7.0,,,538.0,614634.2371633705,5278872.444603636,0.01,54.0,,,,,,,,,,,,0,
27,41,luxury,-3289536.3304231344,1682.8,74453.41262274417,18187.927627780926,0.1,39.0,10.0,,,538.0,691141.2498556752,3980677.5802788096,0.01,54.0,,,,,,,,,,,,0,
28,41,luxury,-4557799.860371288,1726.8,99173.28198687841,19090.618621216454,0.1,40.0,15.0,,,538.0,744534.1262274417,5302333.986598729,0.01,54.0,,,,,,,,,,,,0,
29,41,luxury,-5067126.495941242,1765.8,122597.64556304105,37189.9807450794,0.1,41.0,8.0,,,538.0,1487599.2298031761,6554725.725744418,0.01,54.0,,,,,,,,,,,,0,
30,41,luxury,-6367215.451620108,1811.8,137434.74897872098,23921.491817178743,0.1,40.0,4.0,,,538.0,980781.1645043284,7347996.616124437,0.01,54.0,,,,,,,,,,,,0,
31,41,luxury,-5545865.881063865,1861.8,114010.38540255834,13743.474897872098,0.1,39.0,10.0,,,538.0,549738.9959148839,6095604.8769787485,0.01,54.0,,,,,,,,,,,,0,
32,41,luxury,-3633844.6166332457,1905.8,89290.5160384241,29233.43215450214,0.1,40.0,8.0,,,538.0,1140103.8540255835,4773948.470658829,0.01,54.0,,,,,,,,,,,,0,
33,41,luxury,-5300425.693209922,1951.8,112498.09643026652,17858.10320768482,0.1,39.0,8.0,,,538.0,714324.1283073928,6014749.821517315,0.01,54.0,,,,,,,,,,,,0,
34,41,luxury,-3873963.6992166974,1997.8,89290.5160384241,23076.53260108031,0.1,40.0,12.0,,,538.0,899984.7714421322,4773948.470658829,0.01,54.0,,,,,,,,,,,,0,
35,41,luxury,-4974096.841498652,2039.8000000000002,113074.79168934346,26787.15481152723,0.1,41.0,4.0,,,538.0,1071486.1924610892,6045583.033959741,0.01,54.0,,,,,,,,,,,,0,
36,41,luxury,-6849821.276910819,2089.8,136576.69465792927,11031.686994082289,0.1,40.0,5.0,,,538.0,452299.16675737384,7302120.443668193,0.01,54.0,,,,,,,,,,,,0,
37,41,luxury,-5362699.560670095,2138.8,113074.79168934346,17072.08683224116,0.1,41.0,5.0,,,538.0,682883.4732896463,6045583.033959741,0.01,54.0,,,,,,,,,,,,0,
38,41,luxury,-6771803.650141997,2187.8,137232.393471152,13789.608742602863,0.1,40.0,4.0,,,538.0,565373.9584467174,7337177.608588714,0.01,54.0,,,,,,,,,,,,0,
39,41,luxury,-5516613.471403195,2237.8,113448.11782023266,13723.239347115199,0.1,39.0,15.0,,,538.0,548929.573884608,6065543.045287803,0.01,54.0,,,,,,,,,,,,0,
40,41,luxury,-3072226.7033553394,2276.8,89290.5160384241,43633.89146932025,0.1,40.0,5.0,,,538.0,1701721.7673034898,4773948.470658829,0.01,54.0,,,,,,,,,,,,0,
