data/saved_data/run_2025_05_06_1909_new_prod_but_no_zeros/firm_data.csv
Step,AgentID,FirmType,Profit,Inventory,ProductPrice,RevenuePerEmployee,ProductionLevel,NumEmployees,DemandReceived,InventoryDemandRatio,SellThroughRate,ProductionCapacity,Revenue,Costs,Markup,ProducedUnits,IncomeBracket,NumPeople,SpendRatio,PostTaxIncome,HouseholdExpense,HouseholdSavings,HealthLevel,Welfare,SkillLevel,SkillType,JobLevel,IsEmployed,Wage
4,42,luxury,-2059251.2036752072,1101.4,45591.06973661098,1711.4139920062619,0.1,54.0,14.0,,,644.0,94127.7695603444,2153378.9732355517,0.35500000000000004,64.0,,,,,,,,,,,,0,
5,42,luxury,-156637.4126377653,1151.4,15587.734883514304,11819.906968750995,0.1,55.0,20.0,,,644.0,638274.9763125537,794912.388950319,0.255,64.0,,,,,,,,,,,,0,
6,42,luxury,-1771331.4704187873,1195.4,37593.195102338825,5668.267230368838,0.1,54.0,9.0,,,644.0,311754.69767028606,2083086.1680890734,0.155,64.0,,,,,,,,,,,,0,
7,42,luxury,-456573.63302926964,1250.4,13165.736236275032,6265.53251705647,0.1,55.0,88.0,,,644.0,338338.7559210494,794912.388950319,0.059999999999999984,64.0,,,,,,,,,,,,0,
8,42,luxury,-938929.5413447972,1226.4,33101.397505265195,21065.17797804005,0.1,56.0,14.0,,,644.0,1158584.7887922027,2097514.330137,0.01,64.0,,,,,,,,,,,,0,
9,42,luxury,-2433282.05747251,1276.4,45713.571766533016,8275.349376316299,0.1,55.0,19.0,,,644.0,463419.5650737127,2896701.6225462225,0.01,64.0,,,,,,,,,,,,0,
10,42,luxury,-725541.817795414,1321.4,25156.88520337893,15791.961155711406,0.1,56.0,51.0,,,644.0,868557.8635641274,1594099.6813595414,0.01,64.0,,,,,,,,,,,,0,
11,42,luxury,-1623148.0953596889,1334.4,45862.66698869793,22910.734738791525,0.1,57.0,10.0,,,644.0,1283001.1453723253,2906149.240732014,0.01,64.0,,,,,,,,,,,,0,
12,42,luxury,-2939961.124769523,1388.4,53633.962796392254,8046.081927841742,0.1,56.0,8.0,,,644.0,458626.6698869793,3398587.794656502,0.01,64.0,,,,,,,,,,,,0,
13,42,luxury,-1657466.5329128914,1444.4,32928.18101107326,7661.994685198893,0.1,55.0,10.0,,,644.0,429071.70237113803,2086538.2352840293,0.01,64.0,,,,,,,,,,,,0,
14,42,luxury,-968728.921696536,1498.4,20484.23154126734,5986.94200201332,0.1,54.0,20.0,,,644.0,329281.8101107326,1298010.7318072687,0.01,64.0,,,,,,,,,,,,0,
15,42,luxury,-89138.80857269967,1542.4,7872.057279999526,7586.7524226916075,0.1,55.0,200.0,,,644.0,409684.6308253468,498823.43939804647,0.01,64.0,,,,,,,,,,,,0,
16,42,luxury,255385.91100291652,1406.4,20815.871556735736,28625.662836361913,0.1,56.0,45.0,,,644.0,1574411.4559999052,1319025.5449969887,0.01,64.0,,,,,,,,,,,,0,
17,42,luxury,-1140805.9742645416,1425.4,32785.86505429627,16727.0396438055,0.1,55.0,77.0,,,644.0,936714.2200531081,2077520.1943176498,0.01,64.0,,,,,,,,,,,,0,
18,42,luxury,1205486.064183824,1412.4,20815.871556735736,45900.21107601478,0.1,56.0,63.0,,,644.0,2524511.6091808127,1319025.5449969887,0.01,64.0,,,,,,,,,,,,0,
19,42,luxury,-771599.8536182146,1413.4,32872.339475580506,23417.8555013277,0.1,55.0,28.0,,,644.0,1311399.9080743513,2082999.7616925659,0.01,64.0,,,,,,,,,,,,0,
20,42,luxury,-398600.0396807345,1449.4,20815.871556735736,16735.00918756826,0.1,54.0,25.0,,,644.0,920425.5053162542,1319025.5449969887,0.01,64.0,,,,,,,,,,,,0,
21,42,luxury,21573.349520346907,1488.4,7872.057279999526,9636.97757256284,0.1,53.0,148.0,,,644.0,520396.7889183934,498823.43939804647,0.01,64.0,,,,,,,,,,,,0,
22,42,luxury,-8525427.408033628,1404.4,152928.0726781285,21982.348630942073,0.1,54.0,7.0,,,644.0,1165064.47743993,9690491.885473559,0.01,64.0,,,,,,,,,,,,0,
23,42,luxury,210985.10760044493,1461.4,13564.164087402423,19824.00942123888,0.1,53.0,23.0,,,644.0,1070496.5087468994,859511.4011464545,0.01,64.0,,,,,,,,,,,,0,
24,42,luxury,-9378516.111463303,1502.4,152928.0726781285,5886.335358684071,0.1,52.0,1.0,,,644.0,311975.77401025576,9690491.885473559,0.01,64.0,,,,,,,,,,,,0,
25,42,luxury,-9354844.81279543,1565.4,150044.5385044337,2940.924474579394,0.1,51.0,1.0,,,644.0,152928.0726781285,9507772.885473559,0.01,64.0,,,,,,,,,,,,0,
26,42,luxury,-9175009.346969126,1628.4,147161.0043307389,2942.049774596739,0.1,52.0,5.0,,,644.0,150044.5385044337,9325053.885473559,0.01,64.0,,,,,,,,,,,,0,
27,42,luxury,-78692.20749419439,1687.4,12853.784196649744,14150.096570263357,0.1,53.0,170.0,,,644.0,735805.0216536946,814497.229147889,0.01,64.0,,,,,,,,,,,,0,
28,42,luxury,102850.38892883086,1581.4,32861.18470133527,41229.119121329364,0.1,54.0,24.0,,,644.0,2185143.3134304564,2082292.9245016256,0.01,64.0,,,,,,,,,,,,0,
29,42,luxury,-2066704.5452323933,1621.4,45061.35410599578,14604.97097837123,0.1,53.0,6.0,,,644.0,788668.4328320464,2855372.9780644397,0.01,64.0,,,,,,,,,,,,0,
30,42,luxury,-1317209.1580747282,1679.4,25053.953601310255,5101.285370490087,0.1,52.0,53.0,,,644.0,270368.12463597464,1587577.2827107029,0.01,64.0,,,,,,,,,,,,0,
31,42,luxury,513362.3117215545,1690.4,12853.784196649744,25535.76040133545,0.1,53.0,67.0,,,644.0,1327859.5408694434,814497.229147889,0.01,64.0,,,,,,,,,,,,0,
32,42,luxury,-1288417.062539547,1687.4,33923.6996223208,16249.12341840628,0.1,52.0,35.0,,,644.0,861203.5411755329,2149620.60371508,0.01,64.0,,,,,,,,,,,,0,
33,42,luxury,372832.2576333389,1716.4,12853.784196649744,22833.259361177457,0.1,53.0,38.0,,,644.0,1187329.4867812279,814497.229147889,0.01,64.0,,,,,,,,,,,,0,
34,42,luxury,-1588647.8024872234,1742.4,32779.10133125643,9215.920744767742,0.1,52.0,15.0,,,644.0,488443.79947269027,2077091.6019599137,0.01,64.0,,,,,,,,,,,,0,
35,42,luxury,-322810.7091790425,1791.4,12853.784196649744,9455.509999400894,0.1,53.0,80.0,,,644.0,491686.51996884646,814497.229147889,0.01,64.0,,,,,,,,,,,,0,
36,42,luxury,-1044178.1797162757,1775.4,32706.338935881235,19401.93841003735,0.1,54.0,38.0,,,644.0,1028302.7357319795,2072480.9154482551,0.01,64.0,,,,,,,,,,,,0,
37,42,luxury,-1580638.3345419958,1801.4,44558.03065138292,23015.571843768277,0.1,55.0,19.0,,,644.0,1242840.879563487,2823479.2141054827,0.01,64.0,,,,,,,,,,,,0,
38,42,luxury,-2477495.6149346204,1846.4,52458.42385664971,15392.77422502319,0.1,54.0,17.0,,,644.0,846602.5823762754,3324098.197310896,0.01,64.0,,,,,,,,,,,,0,
39,42,luxury,-1174321.3054474848,1893.4,32605.86911741822,16514.688991908242,0.1,55.0,23.0,,,644.0,891793.205563045,2066114.5110105297,0.01,64.0,,,,,,,,,,,,0,
40,42,luxury,-2552371.882212689,1934.4,52114.529508092375,13635.181630920346,0.1,54.0,23.0,,,644.0,749934.989700619,3302306.8719133083,0.01,64.0,,,,,,,,,,,,0,
4,43,luxury,-1417313.358679939,410.0,81125.57046612243,11116.526219870682,0.1,79.0,13.0,,,390.0,867089.0451499132,2284402.403829852,0.385,39.0,,,,,,,,,,,,0,
5,43,luxury,-2255332.628741338,436.0,109059.1018848742,13349.777418475842,0.1,80.0,9.0,,,390.0,1054632.4160595916,3309965.0448009297,0.28500000000000003,39.0,,,,,,,,,,,,0,
6,43,luxury,-2982758.348499408,466.0,120453.43190052694,12269.148962048346,0.1,79.0,12.0,,,390.0,981531.9169638677,3964290.265463276,0.18500000000000003,39.0,,,,,,,,,,,,0,
7,43,luxury,-1118583.5543044936,493.0,71332.4812418655,18296.723832991433,0.1,80.0,11.0,,,390.0,1445441.1828063233,2564024.737110817,0.08500000000000002,39.0,,,,,,,,,,,,0,
8,43,luxury,-3228510.8474012706,521.0,103930.7620138884,9808.216170756506,0.1,79.0,2.0,,,390.0,784657.2936605206,4013168.141061791,0.01,39.0,,,,,,,,,,,,0,
9,43,luxury,-2356163.21308304,558.0,66401.66456616053,2631.1585319971746,0.1,78.0,16.0,,,390.0,207861.5240277768,2564024.737110817,0.01,39.0,,,,,,,,,,,,0,
10,43,luxury,-623276.5269383367,581.0,43655.38840875605,13620.854269981646,0.1,79.0,0.0,,,390.0,1062426.6330585685,1685703.1599969051,0.01,39.0,,,,,,,,,,,,0,
11,43,luxury,-2567632.9254788877,620.0,66495.10739073255,0.0,0.1,78.0,16.0,,,390.0,0.0,2567632.9254788877,0.01,39.0,,,,,,,,,,,,0,
12,43,luxury,-621781.4417451844,643.0,43655.38840875605,13640.022028868216,0.1,79.0,9.0,,,390.0,1063921.7182517208,1685703.1599969051,0.01,39.0,,,,,,,,,,,,0,
13,43,luxury,-2182978.997340626,673.0,66708.62054464113,4973.398679478538,0.1,78.0,15.0,,,390.0,392898.49567880447,2575877.4930194304,0.01,39.0,,,,,,,,,,,,0,
14,43,luxury,-685073.8518272882,697.0,43655.38840875605,12828.580873969448,0.1,79.0,40.0,,,390.0,1000629.308169617,1685703.1599969051,0.01,39.0,,,,,,,,,,,,0,
15,43,luxury,-784637.4763715386,696.0,65542.6019822153,22103.994131015723,0.1,80.0,4.0,,,390.0,1746215.536350242,2530853.0127217807,0.01,39.0,,,,,,,,,,,,0,
16,43,luxury,-3707391.2248752606,731.0,102801.46529053073,3277.130099110765,0.1,79.0,12.0,,,390.0,262170.4079288612,3969561.632804122,0.01,39.0,,,,,,,,,,,,0,
17,43,luxury,-1297235.4292354118,758.0,65542.6019822153,15615.412449194542,0.1,80.0,26.0,,,390.0,1233617.5834863689,2530853.0127217807,0.01,39.0,,,,,,,,,,,,0,
18,43,luxury,-2221266.0895789713,771.0,101657.11222745187,21301.345644219975,0.1,81.0,10.0,,,390.0,1704107.6515375979,3925373.7411165694,0.01,39.0,,,,,,,,,,,,0,
19,43,luxury,-3794055.44834092,800.0,124582.89004458215,12550.26076882122,0.1,80.0,10.0,,,390.0,1016571.1222745187,4810626.570615439,0.01,39.0,,,,,,,,,,,,0,
20,43,luxury,-2170276.9417748274,829.0,88468.37979934554,15572.861255572769,0.1,81.0,1.0,,,390.0,1245828.9004458215,3416105.842220649,0.01,39.0,,,,,,,,,,,,0,
21,43,luxury,-4828047.927896635,867.0,127325.16265250712,1092.2022197450067,0.1,80.0,0.0,,,390.0,88468.37979934554,4916516.30769598,0.01,39.0,,,,,,,,,,,,0,
22,43,luxury,-3416105.842220649,906.0,88468.37979934554,0.0,0.1,79.0,4.0,,,390.0,0.0,3416105.842220649,0.01,39.0,,,,,,,,,,,,0,
23,43,luxury,-2217082.470298392,941.0,66581.1662258863,4479.411635409901,0.1,80.0,14.0,,,390.0,353873.51919738215,2570955.9894957743,0.01,39.0,,,,,,,,,,,,0,
24,43,luxury,-3061592.5460606804,966.0,103427.3348340509,11651.704089530103,0.1,81.0,5.0,,,390.0,932136.3271624083,3993728.8732230887,0.01,39.0,,,,,,,,,,,,0,
25,43,luxury,-4433122.019151344,1000.0,128199.00389886695,6384.403384817957,0.1,80.0,8.0,,,390.0,517136.6741702545,4950258.693321599,0.01,39.0,,,,,,,,,,,,0,
26,43,luxury,-2501893.7784033488,1031.0,91352.83529070235,12819.900389886696,0.1,81.0,12.0,,,390.0,1025592.0311909356,3527485.8095942843,0.01,39.0,,,,,,,,,,,,0,
27,43,luxury,-3820680.0651352024,1058.0,127335.46415831803,13533.753376400347,0.1,82.0,7.0,,,390.0,1096234.0234884282,4916914.088623631,0.01,39.0,,,,,,,,,,,,0,
28,43,luxury,-4926554.2605939945,1090.0,150668.75343924333,10870.100598880808,0.1,81.0,11.0,,,390.0,891348.2491082263,5817902.509702221,0.01,39.0,,,,,,,,,,,,0,
29,43,luxury,-2771117.942841198,1118.0,114686.12457162766,20461.188738662673,0.1,82.0,3.0,,,390.0,1657356.2878316767,4428474.2306728745,0.01,39.0,,,,,,,,,,,,0,
30,43,luxury,-5412396.778545287,1154.0,149077.4244796243,4195.8338257912565,0.1,81.0,1.0,,,390.0,344058.373714883,5756455.15226017,0.01,39.0,,,,,,,,,,,,0,
31,43,luxury,-4279396.80619325,1192.0,114686.12457162766,1840.4620306126455,0.1,80.0,1.0,,,390.0,149077.4244796243,4428474.2306728745,0.01,39.0,,,,,,,,,,,,0,
32,43,luxury,-3428535.2766023776,1230.0,91760.3467544974,1433.5765571453458,0.1,79.0,5.0,,,390.0,114686.12457162766,3543221.401174005,0.01,39.0,,,,,,,,,,,,0,
33,43,luxury,-2183431.2463229285,1264.0,68427.05747357212,5807.616883196038,0.1,80.0,10.0,,,390.0,458801.733772487,2642232.9800954154,0.01,39.0,,,,,,,,,,,,0,
34,43,luxury,-3432590.568521595,1293.0,106616.14482240372,8553.382184196515,0.1,81.0,8.0,,,390.0,684270.5747357211,4116861.143257316,0.01,39.0,,,,,,,,,,,,0,
35,43,luxury,-4095779.325316016,1324.0,128158.85745064978,10529.989612089255,0.1,82.0,7.0,,,390.0,852929.1585792297,4948708.483895246,0.01,39.0,,,,,,,,,,,,0,
36,43,luxury,-4952437.674349647,1356.0,151488.33389181807,10940.39027017742,0.1,83.0,6.0,,,390.0,897112.0021545484,5849549.676504196,0.01,39.0,,,,,,,,,,,,0,
37,43,luxury,-6347793.273346063,1389.0,187930.5210649595,10950.963895794077,0.1,84.0,3.0,,,390.0,908930.0033509084,7256723.276696971,0.01,39.0,,,,,,,,,,,,0,
38,43,luxury,-7576911.2636575345,1425.0,210823.32421275933,6711.8043237485535,0.1,83.0,4.0,,,390.0,563791.5631948785,8140702.826852413,0.01,39.0,,,,,,,,,,,,0,
39,43,luxury,-5890235.929808601,1460.0,174381.1370396179,10160.160203024547,0.1,84.0,4.0,,,390.0,843293.2968510373,6733529.226659638,0.01,39.0,,,,,,,,,,,,0,
40,43,luxury,-7351897.423634527,1495.0,208459.38418080885,8303.863668553233,0.1,83.0,1.0,,,390.0,697524.5481584716,8049421.971792999,0.01,39.0,,,,,,,,,,,,0,
4,44,luxury,-1520415.8719667718,555.2,67708.65337137702,16213.783477435642,0.1,61.0,0.0,,,512.0,972827.0086461385,2493242.8806129103,0.385,51.0,,,,,,,,,,,,0,
5,44,luxury,-3364889.3714152263,606.2,84782.01485267749,0.0,0.1,60.0,11.0,,,512.0,0.0,3364889.3714152263,0.28500000000000003,51.0,,,,,,,,,,,,0,
6,44,luxury,-912611.5369288496,646.2,42874.08219590697,15543.369389657539,0.1,61.0,23.0,,,512.0,932602.1633794523,1845213.700308302,0.18500000000000003,51.0,,,,,,,,,,,,0,
7,44,luxury,-2325346.1064665085,674.2,74669.94944800538,16165.637549276398,0.1,62.0,4.0,,,512.0,986103.8905058603,3311449.9969723686,0.15000000000000002,51.0,,,,,,,,,,,,0,
8,44,luxury,-3593934.786470167,721.2,80142.06339869088,4817.4160934197025,0.1,61.0,10.0,,,512.0,298679.79779202153,3892614.5842621885,0.05000000000000002,51.0,,,,,,,,,,,,0,
9,44,luxury,-1624957.653611213,762.2,48051.80436122155,13138.04318011326,0.1,62.0,11.0,,,512.0,801420.6339869088,2426378.287598122,0.01,51.0,,,,,,,,,,,,0,
10,44,luxury,-3380467.2836433207,802.2,77414.26324546395,8525.320128603824,0.1,61.0,0.0,,,512.0,528569.847973437,3909037.1316167577,0.01,51.0,,,,,,,,,,,,0,
11,44,luxury,-2426378.287598122,853.2,48051.80436122155,0.0,0.1,60.0,25.0,,,512.0,0.0,2426378.287598122,0.01,51.0,,,,,,,,,,,,0,
12,44,luxury,-353436.687765267,879.2,30789.785960274075,20021.585150508978,0.1,61.0,13.0,,,512.0,1201295.1090305387,1554731.7967958057,0.01,51.0,,,,,,,,,,,,0,
13,44,luxury,-2027754.1080498118,917.2,48084.34295498756,6561.757663664967,0.1,60.0,36.0,,,512.0,400267.217483563,2428021.3255333747,0.01,51.0,,,,,,,,,,,,0,
14,44,luxury,176304.54958374635,932.2,30789.785960274075,28850.605772992534,0.1,61.0,39.0,,,512.0,1731036.346379552,1554731.7967958057,0.01,51.0,,,,,,,,,,,,0,
15,44,luxury,-1273746.763240867,944.2,49005.76178122961,19685.2729909949,0.1,60.0,19.0,,,512.0,1200801.6524506889,2474548.415691556,0.01,51.0,,,,,,,,,,,,0,
16,44,luxury,-623622.3229524432,976.2,30789.785960274075,15518.49123072271,0.1,59.0,53.0,,,512.0,931109.4738433625,1554731.7967958057,0.01,51.0,,,,,,,,,,,,0,
17,44,luxury,1044623.6287756929,974.2,11629.556191381673,27658.621286347898,0.1,60.0,100.0,,,512.0,1631858.655894526,587235.0271188332,0.01,51.0,,,,,,,,,,,,0,
18,44,luxury,-333937.27785791154,925.2,29644.34894748413,19382.59365230279,0.1,59.0,7.0,,,512.0,1162955.6191381672,1496892.8969960788,0.01,51.0,,,,,,,,,,,,0,
19,44,luxury,-379724.58448644425,969.2,11629.556191381673,3517.126146311676,0.1,58.0,148.0,,,512.0,207510.4426323889,587235.0271188332,0.01,51.0,,,,,,,,,,,,0,
20,44,luxury,-10347504.123504527,872.2,239007.1565729441,29675.419246973925,0.1,59.0,2.0,,,512.0,1721174.3163244876,12068678.439829014,0.01,51.0,,,,,,,,,,,,0,
21,44,luxury,-433354.2232241999,921.2,18048.670660492517,8101.937510947258,0.1,58.0,112.0,,,512.0,478014.3131458882,911368.5363700881,0.01,51.0,,,,,,,,,,,,0,
22,44,luxury,-10047227.325853853,860.2,239007.1565729441,34852.60541336486,0.1,59.0,4.0,,,512.0,2021451.113975162,12068678.439829014,0.01,51.0,,,,,,,,,,,,0,
23,44,luxury,64755.873731251224,907.2,17650.69534187128,16203.875021894515,0.1,58.0,64.0,,,512.0,956028.6262917764,891272.7525605252,0.01,51.0,,,,,,,,,,,,0,
24,44,luxury,-10939033.937949251,894.2,239007.1565729441,19476.629342754517,0.1,59.0,1.0,,,512.0,1129644.501879762,12068678.439829014,0.01,51.0,,,,,,,,,,,,0,
25,44,luxury,-668208.5883441846,944.2,17966.429105879823,4050.968755473629,0.1,58.0,61.0,,,512.0,239007.1565729441,907215.7449171287,0.01,51.0,,,,,,,,,,,,0,
26,44,luxury,-10972726.264370345,934.2,239007.1565729441,18895.727163080504,0.1,59.0,3.0,,,512.0,1095952.1754586692,12068678.439829014,0.01,51.0,,,,,,,,,,,,0,
27,44,luxury,-262752.93200460705,982.2,19403.375026221544,12152.906266420887,0.1,58.0,16.0,,,512.0,717021.4697188323,979774.4017234393,0.01,51.0,,,,,,,,,,,,0,
28,44,luxury,-11758224.43940947,1017.2,239007.1565729441,5352.655179647322,0.1,57.0,4.0,,,512.0,310454.0004195447,12068678.439829014,0.01,51.0,,,,,,,,,,,,0,
29,44,luxury,-10904673.813537238,1064.2,234888.41626154684,16772.432040206604,0.1,58.0,1.0,,,512.0,956028.6262917764,11860702.439829014,0.01,51.0,,,,,,,,,,,,0,
30,44,luxury,-662668.3602517191,1114.2,17775.14365692657,4049.800280371497,0.1,57.0,69.0,,,512.0,234888.41626154684,897556.7765132659,0.01,51.0,,,,,,,,,,,,0,
31,44,luxury,-10634217.52750108,1096.2,234888.41626154684,21517.279163647952,0.1,58.0,1.0,,,512.0,1226484.9123279334,11860702.439829014,0.01,51.0,,,,,,,,,,,,0,
32,44,luxury,-726480.0227724067,1146.2,19038.864791871143,4049.800280371497,0.1,57.0,21.0,,,512.0,234888.41626154684,961368.4390339535,0.01,51.0,,,,,,,,,,,,0,
33,44,luxury,-11460886.27919972,1176.2,234888.41626154684,7014.318607531473,0.1,58.0,2.0,,,512.0,399816.160629294,11860702.439829014,0.01,51.0,,,,,,,,,,,,0,
34,44,luxury,-399082.1180677748,1225.2,17206.814174313,8099.600560742994,0.1,59.0,56.0,,,512.0,469776.8325230937,868858.9505908685,0.01,51.0,,,,,,,,,,,,0,
35,44,luxury,-1398689.7505051452,1220.2,46782.2355083746,16331.891419686915,0.1,60.0,8.0,,,512.0,963581.593761528,2362271.344266673,0.01,51.0,,,,,,,,,,,,0,
36,44,luxury,-2885538.0529518416,1263.2,64556.74180063304,6237.631401116613,0.1,59.0,13.0,,,512.0,374257.8840669968,3259795.9370188382,0.01,51.0,,,,,,,,,,,,0,
37,44,luxury,-927145.8999348036,1301.2,34981.32046657144,14224.36683742762,0.1,60.0,58.0,,,512.0,839237.6434082296,1766383.5433430332,0.01,51.0,,,,,,,,,,,,0,
38,44,luxury,-1180508.3342277452,1294.2,63559.19817534469,33815.276451019054,0.1,61.0,15.0,,,512.0,2028916.5870611432,3209424.9212888884,0.01,51.0,,,,,,,,,,,,0,
39,44,luxury,-2818526.0640773256,1330.2,74698.68828188005,15629.311026724103,0.1,60.0,23.0,,,512.0,953387.9726301703,3771914.036707496,0.01,51.0,,,,,,,,,,,,0,
40,44,luxury,-610802.8282783993,1358.2,46120.81057310679,28634.497174720687,0.1,61.0,27.0,,,512.0,1718069.8304832412,2328872.6587616405,0.01,51.0,,,,,,,,,,,,0,
