data/saved_data/run_2025_05_06_1909_new_prod_but_no_zeros/firm_data.csv
Step,AgentID,FirmType,Profit,Inventory,ProductPrice,RevenuePerEmployee,ProductionLevel,NumEmployees,DemandReceived,InventoryDemandRatio,SellThroughRate,ProductionCapacity,Revenue,Costs,Markup,ProducedUnits,IncomeBracket,NumPeople,SpendRatio,PostTaxIncome,HouseholdExpense,HouseholdSavings,HealthLevel,Welfare,SkillLevel,SkillType,JobLevel,IsEmployed,Wage
4,50,luxury,-375183.8826303587,364.4,35188.330803105455,36055.98917920501,0.1,21.0,65.0,,,434.0,793231.7619425103,1168415.644572869,0.295,43.0,,,,,,,,,,,,0,
5,50,luxury,1852710.0419914501,342.4,12934.889677544845,108916.26200961212,0.1,22.0,139.0,,,434.0,2287241.5022018547,434531.46021040465,0.27999999999999997,43.0,,,,,,,,,,,,0,
6,50,luxury,608932.864455557,246.39999999999998,34702.69884197413,81724.98478085152,0.1,21.0,45.0,,,434.0,1797949.6651787334,1189016.8007231764,0.25499999999999995,43.0,,,,,,,,,,,,0,
7,50,luxury,1127089.9876784314,244.39999999999998,12631.728200727386,74362.92608994458,0.1,20.0,170.0,,,434.0,1561621.447888836,434531.46021040465,0.24999999999999994,43.0,,,,,,,,,,,,0,
8,50,luxury,-1293909.4351414442,117.39999999999998,100438.03377417829,107369.68970618278,0.1,21.0,16.0,,,434.0,2147393.7941236557,3441303.2292651,0.25499999999999995,43.0,,,,,,,,,,,,0,
9,50,luxury,893216.5338627477,144.39999999999998,19172.784845640846,76524.21620889773,0.1,20.0,61.0,,,434.0,1607008.5403868526,713792.0065241049,0.15499999999999994,43.0,,,,,,,,,,,,0,
10,50,luxury,-2271763.3536810083,126.39999999999998,88833.63943373537,58476.993779204575,0.1,19.0,17.0,,,434.0,1169539.8755840915,3441303.2292651,0.10999999999999995,43.0,,,,,,,,,,,,0,
11,50,luxury,-1759156.3588915986,152.39999999999998,76791.19615736174,79482.73001965796,0.1,20.0,20.0,,,434.0,1510171.8703735012,3269328.2292651,0.01,43.0,,,,,,,,,,,,0,
12,50,luxury,775297.2775240937,175.39999999999998,17863.532423624187,76791.19615736174,0.1,19.0,217.0,,,434.0,1535823.9231472348,760526.6456231411,0.01,43.0,,,,,,,,,,,,0,
40,50,luxury,-1451575.7195049615,539.0,141062.15437989458,76502.158466824,0.1,25.0,12.0,,,434.0,1836051.8032037758,3287627.5227087373,0.8450000000000003,43.0,,,,,,,,,,,,0,
4,51,luxury,554154.5652339242,72.10000000000002,34594.865008822504,58313.49139704503,0.1,29.0,35.0,,,411.0,1632777.7591172608,1078623.1938833366,0.31499999999999995,41.0,,,,,,,,,,,,0,
7,51,luxury,1517754.2776188059,67.10000000000002,12456.183243325511,72041.52757436858,0.1,28.0,135.0,,,411.0,1945121.2445079517,427366.9668891458,0.19499999999999995,41.0,,,,,,,,,,,,0,
18,51,luxury,646254.7910722,155.0,67843.81902387059,96618.65896887126,0.1,31.0,18.0,,,411.0,2898559.7690661377,2252304.9779939377,0.23499999999999988,41.0,,,,,,,,,,,,0,
19,51,luxury,-2212042.230713074,178.0,97553.9996623731,39393.1852396668,0.1,30.0,15.0,,,411.0,1221188.7424296706,3433230.9731427445,0.16499999999999987,41.0,,,,,,,,,,,,0,
20,51,luxury,-788994.9830583413,204.0,58504.99373313536,48776.99983118654,0.1,31.0,53.0,,,411.0,1463309.9949355964,2252304.9779939377,0.06499999999999986,41.0,,,,,,,,,,,,0,
21,51,luxury,-278268.2861740715,192.0,84475.82179037023,100024.66670503787,0.1,32.0,21.0,,,411.0,3100764.667856174,3379032.9540302455,0.024999999999999856,41.0,,,,,,,,,,,,0,
22,51,luxury,-2274572.8423560597,212.0,99732.94271269343,55437.25804993047,0.1,31.0,11.0,,,411.0,1773992.257597775,4048565.099953835,0.01,41.0,,,,,,,,,,,,0,
23,51,luxury,-1824774.7540778993,242.0,71976.96154096929,35389.10870450412,0.1,30.0,38.0,,,411.0,1097062.3698396278,2921837.123917527,0.01,41.0,,,,,,,,,,,,0,
24,51,luxury,482819.5605628956,245.0,55483.60908025044,91170.81795189444,0.1,31.0,51.0,,,411.0,2735124.5385568333,2252304.9779939377,0.01,41.0,,,,,,,,,,,,0,
25,51,luxury,-496708.0879373546,235.0,81942.33635605102,91279.48590621847,0.1,32.0,28.0,,,411.0,2829664.0630927724,3326372.151030127,0.01,41.0,,,,,,,,,,,,0,
26,51,luxury,-1914854.7330606994,248.0,103691.0353377901,71699.54431154464,0.1,31.0,15.0,,,411.0,2294385.4179694285,4209240.151030128,0.01,41.0,,,,,,,,,,,,0,
27,51,luxury,-1579807.4479270861,274.0,77232.30806198949,50173.081615059724,0.1,30.0,31.0,,,411.0,1555365.5300668515,3135172.9779939377,0.01,41.0,,,,,,,,,,,,0,
28,51,luxury,-55597.920014047995,284.0,60348.71717771616,79806.71833072248,0.1,31.0,35.0,,,411.0,2394201.549921674,2449799.469935722,0.01,41.0,,,,,,,,,,,,0,
29,51,luxury,-1357151.544039892,290.0,85464.63722555901,68135.64842645371,0.1,30.0,18.0,,,411.0,2112205.1012200653,3469356.6452599573,0.01,41.0,,,,,,,,,,,,0,
30,51,luxury,-911435.99987566,313.0,60348.71717771616,51278.7823353354,0.1,29.0,27.0,,,411.0,1538363.4700600621,2449799.469935722,0.01,41.0,,,,,,,,,,,,0,
31,51,luxury,-89245.50698794075,327.0,42337.74236966823,56186.736682701245,0.1,30.0,71.0,,,411.0,1629415.3637983361,1718660.8707862769,0.01,41.0,,,,,,,,,,,,0,
32,51,luxury,205585.54406659584,297.0,68985.31797161778,100199.3236082148,0.1,31.0,30.0,,,411.0,3005979.7082464444,2800394.1641798485,0.01,41.0,,,,,,,,,,,,0,
33,51,luxury,-1422495.5429469484,308.0,86023.79382664984,66759.98513382366,0.1,30.0,6.0,,,411.0,2069559.5391485335,3492055.082095482,0.01,41.0,,,,,,,,,,,,0,
34,51,luxury,-1894179.0257420111,343.0,59376.21822470027,17204.758765329967,0.1,29.0,31.0,,,411.0,516142.76295989903,2410321.78870191,0.01,41.0,,,,,,,,,,,,0,
35,51,luxury,122001.89417943149,353.0,42337.74236966823,63471.12982640374,0.1,30.0,9.0,,,411.0,1840662.7649657084,1718660.8707862769,0.01,41.0,,,,,,,,,,,,0,
36,51,luxury,-2403547.5084080705,385.0,68595.92665942706,12701.32271090047,0.1,29.0,30.0,,,411.0,381039.68132701406,2784587.189735085,0.01,41.0,,,,,,,,,,,,0,
37,51,luxury,339216.9289965348,396.0,42337.74236966823,70961.3034407866,0.1,30.0,82.0,,,411.0,2057877.7997828117,1718660.8707862769,0.01,41.0,,,,,,,,,,,,0,
38,51,luxury,754259.45592091,355.0,66941.70013741717,115723.16247709315,0.1,31.0,49.0,,,411.0,3471694.874312795,2717435.418391885,0.01,41.0,,,,,,,,,,,,0,
39,51,luxury,-94737.15697910544,347.0,83137.29720030182,105811.07441075616,0.1,30.0,19.0,,,411.0,3280143.306733441,3374880.4637125465,0.01,41.0,,,,,,,,,,,,0,
40,51,luxury,-796497.2693012033,369.0,58533.33943255288,52653.62156019115,0.1,29.0,39.0,,,411.0,1579608.6468057346,2376105.916106938,0.01,41.0,,,,,,,,,,,,0,
4,52,luxury,6677.732869972242,187.39999999999998,65437.963393643775,65188.337446277284,0.1,22.0,37.0,,,284.0,1368955.086371823,1362277.3535018507,0.34500000000000003,28.0,,,,,,,,,,,,0,
5,52,luxury,-264979.9321146235,178.39999999999998,127593.76288285345,110054.75661658272,0.1,23.0,8.0,,,284.0,2421204.6455648197,2686184.577679443,0.33,28.0,,,,,,,,,,,,0,
6,52,luxury,-2402386.5041137985,198.39999999999998,150373.4955876341,44380.4392636012,0.1,22.0,14.0,,,284.0,1020750.1030628276,3423136.607176626,0.23,28.0,,,,,,,,,,,,0,
7,52,luxury,5999.555227843579,212.39999999999998,86593.20895609554,95692.22446485805,0.1,23.0,33.0,,,284.0,2105228.9382268772,2099229.3829990337,0.155,28.0,,,,,,,,,,,,0,
8,52,luxury,-478644.5087605417,207.39999999999998,134640.31865113912,124242.43024135446,0.1,24.0,7.0,,,284.0,2857575.8955511525,3336220.404311694,0.13,28.0,,,,,,,,,,,,0,
9,52,luxury,-3171040.3954916964,228.39999999999998,151318.86262543921,39270.09293991558,0.1,23.0,2.0,,,284.0,942482.2305579738,4113522.6260496704,0.03,28.0,,,,,,,,,,,,0,
10,52,luxury,-2573893.8794861315,254.39999999999998,103760.60060799212,13158.161967429496,0.1,22.0,15.0,,,284.0,302637.72525087843,2876531.60473701,0.01,28.0,,,,,,,,,,,,0,
11,52,luxury,-583170.5661199451,267.4,77177.68906480486,70745.86405090372,0.1,23.0,9.0,,,284.0,1556409.0091198818,2139579.575239827,0.01,28.0,,,,,,,,,,,,0,
12,52,luxury,-2648931.955233994,286.4,120605.9409921239,30199.965286227987,0.1,22.0,13.0,,,284.0,694599.2015832437,3343531.156817238,0.01,28.0,,,,,,,,,,,,0,
13,52,luxury,-571702.3423422163,301.4,77177.68906480486,71267.1469498914,0.1,23.0,33.0,,,284.0,1567877.2328976106,2139579.575239827,0.01,28.0,,,,,,,,,,,,0,
14,52,luxury,-893465.5869068326,296.4,124097.58911458064,110733.20604950262,0.1,24.0,17.0,,,284.0,2546863.7391385604,3440329.326045393,0.01,28.0,,,,,,,,,,,,0,
15,52,luxury,-2052990.7825950785,307.4,150152.71947734497,87902.45895616128,0.1,23.0,11.0,,,284.0,2109659.0149478707,4162649.797542949,0.01,28.0,,,,,,,,,,,,0,
16,52,luxury,-1210220.1324865883,324.4,103232.8194275692,71812.17018481717,0.1,22.0,15.0,,,284.0,1651679.9142507948,2861900.046737383,0.01,28.0,,,,,,,,,,,,0,
17,52,luxury,-591087.283826289,337.4,77177.68906480486,70386.01324606991,0.1,21.0,20.0,,,284.0,1548492.291413538,2139579.575239827,0.01,28.0,,,,,,,,,,,,0,
18,52,luxury,181276.42779424647,345.4,49139.28849634217,73502.56101409986,0.1,22.0,44.0,,,284.0,1543553.7812960972,1362277.3535018507,0.01,28.0,,,,,,,,,,,,0,
19,52,luxury,-452611.9749375284,329.4,94317.42789810435,98278.57699268433,0.1,23.0,10.0,,,284.0,2162128.6938390555,2614740.668776584,0.01,28.0,,,,,,,,,,,,0,
20,52,luxury,-2392192.6509877713,347.4,120311.44567703776,41007.57734700189,0.1,22.0,18.0,,,284.0,943174.2789810435,3335366.929968815,0.01,28.0,,,,,,,,,,,,0,
21,52,luxury,82702.40749259805,357.4,75133.30627527558,98436.63737212181,0.1,23.0,13.0,,,284.0,2165606.0221866798,2082903.6146940817,0.01,28.0,,,,,,,,,,,,0,
22,52,luxury,-2287070.892165573,372.4,117730.06409826902,42466.65137298185,0.1,22.0,13.0,,,284.0,976732.9815785825,3263803.8737441553,0.01,28.0,,,,,,,,,,,,0,
23,52,luxury,-552412.7814165845,387.4,75133.30627527558,69567.76514897715,0.1,23.0,14.0,,,284.0,1530490.8332774972,2082903.6146940817,0.01,28.0,,,,,,,,,,,,0,
24,52,luxury,-2362854.6521958522,401.4,123173.8580812982,45733.31686321123,0.1,22.0,12.0,,,284.0,1051866.2878538582,3414720.9400497107,0.01,28.0,,,,,,,,,,,,0,
25,52,luxury,-604817.3177185033,417.4,75133.30627527558,67185.7407716172,0.1,23.0,27.0,,,284.0,1478086.2969755784,2082903.6146940817,0.01,28.0,,,,,,,,,,,,0,
26,52,luxury,-1284310.2295854406,418.4,119501.3740895245,88199.96823619308,0.1,24.0,11.0,,,284.0,2028599.2694324406,3312909.499017881,0.01,28.0,,,,,,,,,,,,0,
27,52,luxury,-2744380.1532866806,435.4,146410.14551942924,54771.46312436539,0.1,23.0,6.0,,,284.0,1314515.1149847694,4058895.26827145,0.01,28.0,,,,,,,,,,,,0,
28,52,luxury,-1950428.5108310755,457.4,102042.07770518035,38193.9510050685,0.1,22.0,19.0,,,284.0,878460.8731165754,2828889.383947651,0.01,28.0,,,,,,,,,,,,0,
29,52,luxury,-169463.6463569929,466.4,76048.05992624692,88127.2489272012,0.1,23.0,13.0,,,284.0,1938799.4763984266,2108263.1227554195,0.01,28.0,,,,,,,,,,,,0,
30,52,luxury,-2281036.633015305,481.4,117941.35386556166,42983.68604527,0.1,22.0,20.0,,,284.0,988624.77904121,3269661.412056515,0.01,28.0,,,,,,,,,,,,0,
31,52,luxury,250563.9545558137,489.4,76048.05992624692,107219.41260505606,0.1,23.0,24.0,,,284.0,2358827.077311233,2108263.1227554195,0.01,28.0,,,,,,,,,,,,0,
32,52,luxury,-1520572.1343520484,493.4,120685.09670081062,79354.49731434461,0.1,22.0,14.0,,,284.0,1825153.438229926,3345725.5725819743,0.01,28.0,,,,,,,,,,,,0,
33,52,luxury,-418671.7689440707,507.4,76048.05992624692,76799.60699142494,0.1,21.0,9.0,,,284.0,1689591.3538113488,2108263.1227554195,0.01,28.0,,,,,,,,,,,,0,
34,52,luxury,-677844.8141656285,526.4,49139.28849634217,32592.02568267725,0.1,20.0,34.0,,,284.0,684432.5393362222,1362277.3535018507,0.01,28.0,,,,,,,,,,,,0,
35,52,luxury,1168087.4512796034,520.4,18131.243680026673,83536.79044378168,0.1,21.0,97.0,,,284.0,1670735.8088756336,502648.3575960302,0.01,28.0,,,,,,,,,,,,0,
36,52,luxury,530557.9181643031,451.4,44301.94291729729,83749.0779505994,0.1,22.0,33.0,,,284.0,1758730.6369625872,1228172.7187982842,0.01,28.0,,,,,,,,,,,,0,
37,52,luxury,-919512.2245427861,446.4,85903.2506542315,66452.91437594594,0.1,21.0,20.0,,,284.0,1461964.1162708106,2381476.3408135967,0.01,28.0,,,,,,,,,,,,0,
38,52,luxury,489892.29428634583,454.4,44301.94291729729,81812.61967069667,0.1,22.0,30.0,,,284.0,1718065.01308463,1228172.7187982842,0.01,28.0,,,,,,,,,,,,0,
39,52,luxury,-1078635.302908724,452.4,86848.9442672491,60411.74034176904,0.1,21.0,26.0,,,284.0,1329058.2875189187,2407693.5904276427,0.01,28.0,,,,,,,,,,,,0,
40,52,luxury,1029899.8321501922,454.4,44301.94291729729,107527.26433087983,0.1,22.0,35.0,,,284.0,2258072.5509484764,1228172.7187982842,0.01,28.0,,,,,,,,,,,,0,
