data/saved_data/run_2025_05_06_1909_new_prod_but_no_zeros/firm_data.csv
Step,AgentID,FirmType,Profit,Inventory,ProductPrice,RevenuePerEmployee,ProductionLevel,NumEmployees,DemandReceived,InventoryDemandRatio,SellThroughRate,ProductionCapacity,Revenue,Costs,Markup,ProducedUnits,IncomeBracket,NumPeople,SpendRatio,PostTaxIncome,HouseholdExpense,HouseholdSavings,HealthLevel,Welfare,SkillLevel,SkillType,JobLevel,IsEmployed,Wage
4,57,luxury,-857405.7223066699,174.70000000000005,120538.4407399681,183055.9590736828,0.1,11.0,10.0,,,317.0,1830559.590736828,2687965.313043498,0.43500000000000005,32.0,,,,,,,,,,,,0,
5,57,luxury,-2403108.511829416,196.70000000000005,150541.80926965736,109580.40067269826,0.1,10.0,4.0,,,317.0,1205384.407399681,3608492.9192290967,0.3350000000000001,32.0,,,,,,,,,,,,0,
6,57,luxury,-1392006.8047556924,224.70000000000005,76962.6520219605,60216.72370786294,0.1,9.0,19.0,,,317.0,602167.2370786294,1994174.0418343218,0.23500000000000007,32.0,,,,,,,,,,,,0,
7,57,luxury,388643.9527685265,237.70000000000005,38584.16757537076,162476.70982413884,0.1,10.0,67.0,,,317.0,1462290.3884172495,1073646.435648723,0.15000000000000008,32.0,,,,,,,,,,,,0,
8,57,luxury,-63992.77510773344,202.70000000000005,93133.54405800712,258513.92275498412,0.1,11.0,17.0,,,317.0,2585139.227549841,2649132.0026575746,0.12500000000000008,32.0,,,,,,,,,,,,0,
9,57,luxury,-1984179.6918239866,217.70000000000005,119286.60366813162,143933.65899873828,0.1,10.0,14.0,,,317.0,1583270.248986121,3567449.9408101076,0.07000000000000009,32.0,,,,,,,,,,,,0,
10,57,luxury,-321951.92244741344,235.70000000000005,62871.37358337173,167001.24513538426,0.1,11.0,28.0,,,317.0,1670012.4513538426,1991964.373801256,0.01,32.0,,,,,,,,,,,,0,
11,57,luxury,-1713369.657554682,239.70000000000005,109640.80279459934,160036.2236667644,0.1,10.0,9.0,,,317.0,1760398.4603344083,3473768.1178890904,0.01,32.0,,,,,,,,,,,,0,
12,57,luxury,-1005197.148649862,262.70000000000005,62871.37358337173,98676.72251513941,0.1,9.0,12.0,,,317.0,986767.225151394,1991964.373801256,0.01,32.0,,,,,,,,,,,,0,
13,57,luxury,-319189.95264826226,282.70000000000005,33886.96456619519,83828.4981111623,0.1,8.0,28.0,,,317.0,754456.4830004608,1073646.435648723,0.01,32.0,,,,,,,,,,,,0,
14,57,luxury,-762176.0168626189,286.70000000000005,54003.78377998316,118604.37598168316,0.1,9.0,21.0,,,317.0,948835.0078534653,1711011.0247160841,0.01,32.0,,,,,,,,,,,,0,
15,57,luxury,183653.60569342645,297.70000000000005,29997.8150695396,126008.82881996072,0.1,10.0,70.0,,,317.0,1134079.4593796465,950425.85368622,0.01,32.0,,,,,,,,,,,,0,
16,57,luxury,-390215.29154548375,259.70000000000005,78592.59035264993,209984.70548677718,0.1,11.0,14.0,,,317.0,2099847.054867772,2490062.3464132557,0.01,32.0,,,,,,,,,,,,0,
17,57,luxury,-2305437.3532776856,277.70000000000005,107493.4639657334,100026.93317609992,0.1,10.0,14.0,,,317.0,1100296.264937099,3405733.6182147847,0.01,32.0,,,,,,,,,,,,0,
18,57,luxury,-361188.62996748136,295.70000000000005,58898.68868262306,150490.84955202678,0.1,11.0,78.0,,,317.0,1504908.4955202676,1866097.125487749,0.01,32.0,,,,,,,,,,,,0,
19,57,luxury,1240529.033673672,249.70000000000005,105847.00826748839,417645.2470222363,0.1,12.0,19.0,,,317.0,4594097.717244599,3353568.683570927,0.01,32.0,,,,,,,,,,,,0,
20,57,luxury,-1927457.1008434359,262.70000000000005,124310.48863107762,167591.0964235233,0.1,11.0,10.0,,,317.0,2011093.1570822794,3938550.2579257153,0.01,32.0,,,,,,,,,,,,0,
21,57,luxury,-1207973.8135317615,284.70000000000005,77362.16904621232,113009.53511916148,0.1,10.0,36.0,,,317.0,1243104.8863107762,2451078.6998425378,0.01,32.0,,,,,,,,,,,,0,
22,57,luxury,1249630.657622635,280.70000000000005,48461.29543312886,278503.80856636434,0.1,11.0,21.0,,,317.0,2785038.0856636437,1535407.4280410088,0.01,32.0,,,,,,,,,,,,0,
23,57,luxury,-2035259.2156287292,291.70000000000005,96358.61836134567,92517.01855415509,0.1,10.0,16.0,,,317.0,1017687.204095706,3052946.419724435,0.01,32.0,,,,,,,,,,,,0,
24,57,luxury,6330.465740521904,307.70000000000005,48461.29543312886,154173.78937815307,0.1,11.0,63.0,,,317.0,1541737.8937815307,1535407.4280410088,0.01,32.0,,,,,,,,,,,,0,
25,57,luxury,62063.003407028504,276.70000000000005,94403.39064267187,277551.0556624653,0.1,12.0,23.0,,,317.0,3053061.612287118,2990998.6088800896,0.01,32.0,,,,,,,,,,,,0,
26,57,luxury,-1772783.7864904674,285.70000000000005,124484.44576563107,180939.83206512107,0.1,11.0,11.0,,,317.0,2171277.984781453,3944061.7712719203,0.01,32.0,,,,,,,,,,,,0,
27,57,luxury,-1119141.6870108973,306.70000000000005,78542.35055608803,124484.44576563106,0.1,10.0,37.0,,,317.0,1369328.9034219417,2488470.590432839,0.01,32.0,,,,,,,,,,,,0,
28,57,luxury,1363627.2091125539,301.70000000000005,48683.25344981491,290606.69705752574,0.1,11.0,48.0,,,317.0,2906066.970575257,1542439.7614627033,0.01,32.0,,,,,,,,,,,,0,
29,57,luxury,-671804.2285498749,285.70000000000005,94958.94697260793,212436.0150537378,0.1,10.0,17.0,,,317.0,2336796.1655911156,3008600.3941409905,0.01,32.0,,,,,,,,,,,,0,
30,57,luxury,71862.33707163134,300.70000000000005,48683.25344981491,161430.20985343348,0.1,9.0,45.0,,,317.0,1614302.0985343347,1542439.7614627033,0.01,32.0,,,,,,,,,,,,0,
31,57,luxury,1601369.8061707981,287.70000000000005,18602.198326855727,243416.26724907456,0.1,10.0,58.0,,,317.0,2190746.405241671,589376.5990708729,0.01,32.0,,,,,,,,,,,,0,
32,57,luxury,-409490.7744376871,261.70000000000005,46978.200412221,107892.75029576321,0.1,9.0,38.0,,,317.0,1078927.502957632,1488418.2773953192,0.01,32.0,,,,,,,,,,,,0,
33,57,luxury,1195795.016593525,255.70000000000005,18602.198326855727,198352.40174048865,0.1,10.0,70.0,,,317.0,1785171.6156643978,589376.5990708729,0.01,32.0,,,,,,,,,,,,0,
34,57,luxury,-218747.04603030137,217.70000000000005,48003.434068620954,130215.38828799009,0.1,9.0,54.0,,,317.0,1302153.882879901,1520900.9289102023,0.01,32.0,,,,,,,,,,,,0,
35,57,luxury,2002808.8406346587,195.70000000000005,18602.198326855727,288020.6044117257,0.1,10.0,150.0,,,317.0,2592185.4397055316,589376.5990708729,0.01,32.0,,,,,,,,,,,,0,
36,57,luxury,1240991.513931166,77.70000000000005,50111.40697544337,279032.9749028359,0.1,9.0,38.0,,,317.0,2790329.749028359,1549338.2350971932,0.035,32.0,,,,,,,,,,,,0,
37,57,luxury,1314856.8659959752,71.70000000000005,19338.919052671798,211581.49611853866,0.1,8.0,100.0,,,317.0,1904233.465066848,589376.5990708729,0.05,32.0,,,,,,,,,,,,0,
4,58,luxury,-1714173.8185205217,310.2,113777.77373416694,84155.9304489154,0.1,10.0,9.0,,,292.0,757403.3740402387,2471577.1925607603,0.3350000000000001,29.0,,,,,,,,,,,,0,
5,58,luxury,-2348736.3860144583,330.2,143632.04303969236,102399.99636075026,0.1,11.0,2.0,,,292.0,1023999.9636075025,3372736.349621961,0.23500000000000007,29.0,,,,,,,,,,,,0,
6,58,luxury,-3636467.632389152,357.2,153566.73609982943,26114.916916307702,0.1,10.0,12.0,,,292.0,287264.0860793847,3923731.7184685366,0.13500000000000006,29.0,,,,,,,,,,,,0,
7,58,luxury,-551874.8961757077,374.2,86703.7734185714,184280.08331979532,0.1,11.0,17.0,,,292.0,1842800.8331979532,2394675.729373661,0.05000000000000006,29.0,,,,,,,,,,,,0,
8,58,luxury,-2397961.1172616417,386.2,134849.8063165973,133996.74073779216,0.1,10.0,7.0,,,292.0,1473964.1481157138,3871925.2653773553,0.01,29.0,,,,,,,,,,,,0,
9,58,luxury,-1450727.0851574796,408.2,83400.77252643535,94394.86442161811,0.1,9.0,14.0,,,292.0,943948.6442161811,2394675.729373661,0.01,29.0,,,,,,,,,,,,0,
10,58,luxury,-325905.7569423653,423.2,52015.57538000032,129734.53504112166,0.1,10.0,59.0,,,292.0,1167610.815370095,1493516.5723124603,0.01,29.0,,,,,,,,,,,,0,
11,58,luxury,68292.03128309036,393.2,104504.58899288652,306891.8947420019,0.1,11.0,11.0,,,292.0,3068918.947420019,3000626.916136929,0.01,29.0,,,,,,,,,,,,0,
12,58,luxury,-2839291.310942133,411.2,138921.7265117516,104504.58899288652,0.1,10.0,13.0,,,292.0,1149550.4789217517,3988841.7898638844,0.01,29.0,,,,,,,,,,,,0,
13,58,luxury,-675749.0013866453,427.2,86432.71289886541,180598.24446527706,0.1,11.0,20.0,,,292.0,1805982.4446527706,2481731.446039416,0.01,29.0,,,,,,,,,,,,0,
14,58,luxury,-2270082.0891334997,436.2,139266.33004536503,157150.3870888462,0.1,10.0,3.0,,,292.0,1728654.2579773082,3998736.347110808,0.01,29.0,,,,,,,,,,,,0,
15,58,luxury,-2063932.4559033208,462.2,86432.71289886541,41779.89901360951,0.1,9.0,11.0,,,292.0,417798.9901360951,2481731.446039416,0.01,29.0,,,,,,,,,,,,0,
16,58,luxury,-592400.9061562206,480.2,53744.56213033157,105639.98243194661,0.1,10.0,20.0,,,292.0,950759.8418875196,1543160.7480437402,0.01,29.0,,,,,,,,,,,,0,
17,58,luxury,-2032928.2111427267,489.2,108237.8462085864,107489.12426066314,0.1,11.0,14.0,,,292.0,1074891.2426066315,3107819.453749358,0.01,29.0,,,,,,,,,,,,0,
18,58,luxury,-2479677.304120196,504.20000000000005,139136.45115221926,137757.25881092815,0.1,12.0,8.0,,,292.0,1515329.8469202097,3995007.1510404055,0.01,29.0,,,,,,,,,,,,0,
19,58,luxury,-4004173.147182564,525.2,178221.97330146027,92757.6341014795,0.1,11.0,4.0,,,292.0,1113091.609217754,5117264.756400318,0.01,29.0,,,,,,,,,,,,0,
20,58,luxury,-2839718.157488859,550.2,123728.68922320544,64807.990291440095,0.1,10.0,12.0,,,292.0,712887.8932058411,3552606.0506947,0.01,29.0,,,,,,,,,,,,0,
21,58,luxury,-1180674.0827251873,567.2,92830.08427957258,148474.42706784653,0.1,11.0,21.0,,,292.0,1484744.2706784653,2665418.3534036526,0.01,29.0,,,,,,,,,,,,0,
22,58,luxury,-2172071.6444946937,575.2,143542.01051611602,177221.06998827492,0.1,12.0,4.0,,,292.0,1949431.7698710242,4121503.414365718,0.01,29.0,,,,,,,,,,,,0,
23,58,luxury,-4541776.99653444,600.2,178176.01071754764,47847.33683870534,0.1,11.0,9.0,,,292.0,574168.0420644641,5115945.038598903,0.01,29.0,,,,,,,,,,,,0,
24,58,luxury,-2056275.881178909,620.2,127464.0844810042,145780.37240526627,0.1,12.0,11.0,,,292.0,1603584.096457929,3659859.977636838,0.01,29.0,,,,,,,,,,,,0,
25,58,luxury,-3729375.7200197605,638.2,178717.07852023572,116842.07744092052,0.1,11.0,2.0,,,292.0,1402104.9292910462,5131480.649310807,0.01,29.0,,,,,,,,,,,,0,
26,58,luxury,-3302425.820596366,665.2,127464.0844810042,32494.014276406495,0.1,10.0,13.0,,,292.0,357434.15704047144,3659859.977636838,0.01,29.0,,,,,,,,,,,,0,
27,58,luxury,-1014612.0056568272,681.2,93046.94696213909,165703.30982530545,0.1,11.0,9.0,,,292.0,1657033.0982530545,2671645.103909882,0.01,29.0,,,,,,,,,,,,0,
28,58,luxury,-3279810.824481673,701.2,143393.29438686345,76129.32024175016,0.1,10.0,5.0,,,292.0,837422.5226592518,4117233.347140925,0.01,29.0,,,,,,,,,,,,0,
29,58,luxury,-1954678.6319755646,725.2,93046.94696213909,71696.64719343172,0.1,9.0,25.0,,,292.0,716966.4719343173,2671645.103909882,0.01,29.0,,,,,,,,,,,,0,
30,58,luxury,648970.1943767802,729.2,58412.946760707484,258463.74156149745,0.1,10.0,29.0,,,292.0,2326173.674053477,1677203.479676697,0.01,29.0,,,,,,,,,,,,0,
31,58,luxury,-1426520.7433257722,729.2,108679.34664485537,169397.54560605172,0.1,9.0,9.0,,,292.0,1693975.456060517,3120496.1993862893,0.01,29.0,,,,,,,,,,,,0,
32,58,luxury,-699089.3598729987,749.2,58412.946760707484,108679.34664485537,0.1,8.0,24.0,,,292.0,978114.1198036983,1677203.479676697,0.01,29.0,,,,,,,,,,,,0,
33,58,luxury,846964.8479401954,754.2,19327.424611466467,175238.84028212246,0.1,9.0,72.0,,,292.0,1401910.7222569797,554945.8743167843,0.01,29.0,,,,,,,,,,,,0,
34,58,luxury,-74808.3609809624,711.2,51070.576250553015,154619.39689173174,0.1,8.0,39.0,,,292.0,1391574.5720255857,1466382.933006548,0.01,29.0,,,,,,,,,,,,0,
35,58,luxury,1436806.5994547831,701.2,19327.424611466467,248969.05922144593,0.1,9.0,129.0,,,292.0,1991752.4737715675,554945.8743167843,0.01,29.0,,,,,,,,,,,,0,
36,58,luxury,1026284.7158415916,601.2,51090.43236336297,277026.41943101934,0.1,10.0,42.0,,,292.0,2493237.7748791743,1466953.0590375827,0.01,29.0,,,,,,,,,,,,0,
37,58,luxury,-775212.225156467,588.2,101731.73746655695,214579.8159261245,0.1,9.0,11.0,,,292.0,2145798.159261245,2921010.3844177118,0.01,29.0,,,,,,,,,,,,0,
38,58,luxury,-347903.94690545625,606.2,51090.43236336297,124338.79023690295,0.1,8.0,19.0,,,292.0,1119049.1121321265,1466953.0590375827,0.01,29.0,,,,,,,,,,,,0,
39,58,luxury,415772.3405871121,616.2,19327.424611466467,121339.77686298706,0.1,7.0,122.0,,,292.0,970718.2149038964,554945.8743167843,0.01,29.0,,,,,,,,,,,,0,
40,58,luxury,870968.2971287,523.2,51787.83547369226,336849.4003712727,0.1,8.0,59.0,,,292.0,2357945.802598909,1486977.505470209,0.01,29.0,,,,,,,,,,,,0,
