data/saved_data/run_2025_05_06_1909_new_prod_but_no_zeros/firm_data.csv
Step,AgentID,FirmType,Profit,Inventory,ProductPrice,RevenuePerEmployee,ProductionLevel,NumEmployees,DemandReceived,InventoryDemandRatio,SellThroughRate,ProductionCapacity,Revenue,Costs,Markup,ProducedUnits,IncomeBracket,NumPeople,SpendRatio,PostTaxIncome,HouseholdExpense,HouseholdSavings,HealthLevel,Welfare,SkillLevel,SkillType,JobLevel,IsEmployed,Wage
12,35,necessity,-97111.79404532572,0.0,90.85643412596716,13545.228539212214,1.0,22.0,12464.0,,,6072.0,311540.25640188094,408652.05044720665,0.35,6072.0,,,,,,,,,,,,0,
13,35,necessity,388602.4059901757,0.0,36.2574297915651,25076.375818766934,1.0,23.0,24639.0,,,6072.0,551680.2680128725,163077.86202269682,0.35,6072.0,,,,,,,,,,,,0,
14,35,necessity,-179787.54856043326,0.0,88.92005829299774,9571.961464973187,1.0,22.0,14478.0,,,6072.0,220155.1136943833,399942.66225481656,0.35,6072.0,,,,,,,,,,,,0,
15,35,necessity,376844.7319323854,0.0,36.2574297915651,24541.936088867373,1.0,23.0,57825.0,,,6072.0,539922.5939550822,163077.86202269682,0.35,6072.0,,,,,,,,,,,,0,
16,35,necessity,-194983.96840164257,0.0,92.29870894883666,9571.961464973187,1.0,22.0,12537.0,,,6072.0,220155.1136943833,415139.0820960259,0.35,6072.0,,,,,,,,,,,,0,
17,35,necessity,397359.8987146394,0.0,36.2574297915651,25474.44366987892,1.0,23.0,29482.0,,,6072.0,560437.7607373362,163077.86202269682,0.35,6072.0,,,,,,,,,,,,0,
18,35,necessity,-183162.18127994507,0.0,89.67034718802255,9571.961464973187,1.0,22.0,14445.0,,,6072.0,220155.1136943833,403317.29497432837,0.35,6072.0,,,,,,,,,,,,0,
19,35,necessity,381400.4861029761,0.0,36.2574297915651,24749.015823894224,1.0,23.0,58176.0,,,6072.0,544478.3481256729,163077.86202269682,0.35,6072.0,,,,,,,,,,,,0,
20,35,necessity,-172339.93248253583,0.0,87.26421479769049,9571.961464973187,1.0,22.0,12429.0,,,6072.0,220155.1136943833,392495.04617691913,0.35,6072.0,,,,,,,,,,,,0,
21,35,necessity,366790.45022887975,0.0,36.2574297915651,24084.92328416257,1.0,23.0,38609.0,,,6072.0,529868.3122515766,163077.86202269682,0.35,6072.0,,,,,,,,,,,,0,
22,35,necessity,-193700.6188217076,0.0,92.01337924978743,9571.961464973187,1.0,22.0,15131.0,,,6072.0,220155.1136943833,413855.7325160909,0.35,6072.0,,,,,,,,,,,,0,
23,35,necessity,395627.37678201246,0.0,36.2574297915651,25395.69267294133,1.0,23.0,50382.0,,,6072.0,558705.2388047093,163077.86202269682,0.35,6072.0,,,,,,,,,,,,0,
24,35,necessity,-172594.74086712784,0.0,87.32086685947284,9571.961464973187,1.0,22.0,11409.0,,,6072.0,220155.1136943833,392749.85456151114,0.35,6072.0,,,,,,,,,,,,0,
25,35,necessity,367134.44154802227,0.0,36.2574297915651,24100.559253214506,1.0,23.0,51984.0,,,6072.0,530212.3035707191,163077.86202269682,0.35,6072.0,,,,,,,,,,,,0,
26,35,necessity,-177233.2063822492,0.0,88.35214624754639,9571.961464973187,1.0,22.0,24980.0,,,6072.0,220155.1136943833,397388.3200766325,0.35,6072.0,,,,,,,,,,,,0,
27,35,necessity,373396.3699924049,0.0,36.2574297915651,24385.192364322804,1.0,23.0,40688.0,,,6072.0,536474.2320151017,163077.86202269682,0.35,6072.0,,,,,,,,,,,,0,
28,35,necessity,-225520.221809267,0.0,99.08789572312912,9571.961464973187,1.0,22.0,10561.0,,,6072.0,220155.1136943833,445675.3355036503,0.35,6072.0,,,,,,,,,,,,0,
29,35,necessity,438583.8408081432,0.0,36.2574297915651,27348.259219583637,1.0,23.0,46322.0,,,6072.0,601661.70283084,163077.86202269682,0.35,6072.0,,,,,,,,,,,,0,
30,35,necessity,-198046.49071058928,0.0,92.97960570713659,9571.961464973187,1.0,22.0,19462.0,,,6072.0,220155.1136943833,418201.6044049726,0.35,6072.0,,,,,,,,,,,,0,
31,35,necessity,401494.3038310365,0.0,36.2574297915651,25662.371175169697,1.0,23.0,40257.0,,,6072.0,564572.1658537333,163077.86202269682,0.35,6072.0,,,,,,,,,,,,0,
32,35,necessity,-190375.40732592385,0.0,91.27407827505608,9571.961464973187,1.0,22.0,14615.0,,,6072.0,220155.1136943833,410530.52102030715,0.35,6072.0,,,,,,,,,,,,0,
33,35,necessity,391138.34126344376,0.0,36.2574297915651,25191.64560391548,1.0,23.0,50163.0,,,6072.0,554216.2032861406,163077.86202269682,0.35,6072.0,,,,,,,,,,,,0,
34,35,necessity,-200786.0181662569,0.0,93.58869036862245,9571.961464973187,1.0,22.0,16047.0,,,6072.0,220155.1136943833,420941.1318606402,0.35,6072.0,,,,,,,,,,,,0,
35,35,necessity,405192.66589557874,0.0,36.2574297915651,25830.478541739798,1.0,23.0,44663.0,,,6072.0,568270.5279182756,163077.86202269682,0.35,6072.0,,,,,,,,,,,,0,
36,35,necessity,-187104.8630602879,0.0,90.54693157580027,9571.961464973187,1.0,22.0,11695.0,,,6072.0,220155.1136943833,407259.9767546712,0.35,6072.0,,,,,,,,,,,,0,
37,35,necessity,386723.1065055624,0.0,36.2574297915651,24990.953114920874,1.0,23.0,51199.0,,,6072.0,549800.9685282592,163077.86202269682,0.35,6072.0,,,,,,,,,,,,0,
38,35,necessity,-168897.65563760686,0.0,86.49888644790643,9571.961464973187,1.0,22.0,20852.0,,,6072.0,220155.1136943833,389052.76933199016,0.35,6072.0,,,,,,,,,,,,0,
39,35,necessity,362143.376488991,0.0,36.2574297915651,23873.692659622175,1.0,23.0,52943.0,,,6072.0,525221.2385116878,163077.86202269682,0.35,6072.0,,,,,,,,,,,,0,
40,35,necessity,-178336.79945154814,0.0,88.59751031923747,9571.961464973187,1.0,22.0,26214.0,,,6072.0,220155.1136943833,398491.91314593144,0.35,6072.0,,,,,,,,,,,,0,
41,35,necessity,374886.22063571314,0.0,36.2574297915651,24452.912848109543,1.0,23.0,69391.0,,,6072.0,537964.08265841,163077.86202269682,0.35,6072.0,,,,,,,,,,,,0,
15,22,necessity,108720.60961016256,8104.0,1148.2761793251943,30096.30541510721,0.1,24.0,275.0,,,6862.0,692215.0245474658,583494.4149373033,0.35,686.0,,,,,,,,,,,,0,
16,22,necessity,-515298.9008670494,8515.0,1635.4971517631168,13157.331221434519,0.1,23.0,209.0,,,6862.0,315775.94931442844,831074.8501814778,0.35,686.0,,,,,,,,,,,,0,
17,22,necessity,-241675.51021881186,8992.0,1148.2761793251943,14861.691509499628,0.1,24.0,425.0,,,6862.0,341818.9047184914,583494.4149373033,0.35,686.0,,,,,,,,,,,,0,
18,22,necessity,-386068.6524469224,9253.0,1720.1401413571944,20334.057342216984,0.1,25.0,183.0,,,6862.0,488017.3762132076,874086.02866013,0.35,686.0,,,,,,,,,,,,0,
19,22,necessity,-968615.9661102381,9756.0,2525.6445679963144,12591.425834734664,0.1,24.0,263.0,,,6862.0,314785.6458683666,1283401.6119786047,0.35,686.0,,,,,,,,,,,,0,
20,22,necessity,-209841.5072770993,10179.0,1720.1401413571944,27676.85505762628,0.1,25.0,166.0,,,6862.0,664244.5213830307,874086.02866013,0.35,686.0,,,,,,,,,,,,0,
21,22,necessity,-1003596.4373391626,10699.0,2536.9367252902043,11421.730538611771,0.1,24.0,393.0,,,6862.0,285543.26346529427,1289139.7008044568,0.35,686.0,,,,,,,,,,,,0,
22,22,necessity,122930.10437892028,10992.0,1720.1401413571944,41542.338876627095,0.1,25.0,415.0,,,6862.0,997016.1330390503,874086.02866013,0.35,686.0,,,,,,,,,,,,0,
23,22,necessity,-601321.5024222936,11263.0,2588.181545010617,28554.326346529426,0.1,24.0,209.0,,,6862.0,713858.1586632356,1315179.6610855293,0.35,686.0,,,,,,,,,,,,0,
24,22,necessity,-333156.08575291105,11740.0,1720.1401413571944,22538.747621134124,0.1,23.0,183.0,,,6862.0,540929.9429072189,874086.02866013,0.35,686.0,,,,,,,,,,,,0,
25,22,necessity,-308987.2879256699,12243.0,1227.541485997679,13686.332429059417,0.1,22.0,446.0,,,6862.0,314785.6458683666,623772.9337940365,0.35,686.0,,,,,,,,,,,,0,
26,22,necessity,214302.18268375518,12483.0,655.6775239656787,24885.613761589313,0.1,23.0,880.0,,,6862.0,547483.5027549649,333181.3200712097,0.35,686.0,,,,,,,,,,,,0,
27,22,necessity,-23955.500518320827,12289.0,1182.6309373007705,25086.79222129553,0.1,24.0,341.0,,,6862.0,576996.2210897972,600951.721608118,0.35,686.0,,,,,,,,,,,,0,
28,22,necessity,-467756.10336872406,12634.0,1714.1324924490596,16803.21456748178,0.1,23.0,601.0,,,6862.0,403277.1496195627,871033.2529882868,0.35,686.0,,,,,,,,,,,,0,
29,22,necessity,426930.7765105064,12719.0,1187.1790791139676,44791.02730269064,0.1,24.0,385.0,,,6862.0,1030193.6279618848,603262.8514513784,0.35,686.0,,,,,,,,,,,,0,
30,22,necessity,-433315.19092463277,13020.0,1752.203837267544,19044.331060786564,0.1,23.0,226.0,,,6862.0,457063.94545887754,890379.1363835103,0.35,686.0,,,,,,,,,,,,0,
31,22,necessity,-224299.53778087662,13480.0,1220.702282119255,17217.307270541954,0.1,22.0,551.0,,,6862.0,395998.06722246495,620297.6050033416,0.35,686.0,,,,,,,,,,,,0,
32,22,necessity,339425.6373764998,13615.0,655.6775239656787,30573.04352035043,0.1,23.0,484.0,,,6862.0,672606.9574477095,333181.3200712097,0.35,686.0,,,,,,,,,,,,0,
33,22,necessity,-268170.6663677823,13817.0,1152.2596102090686,13797.735721712543,0.1,22.0,375.0,,,6862.0,317347.9215993885,585518.5879671708,0.35,686.0,,,,,,,,,,,,0,
34,22,necessity,98916.03375719103,14128.0,655.6775239656787,19640.78881038185,0.1,23.0,484.0,,,6862.0,432097.3538284007,333181.3200712097,0.35,686.0,,,,,,,,,,,,0,
35,22,necessity,-280228.46754554263,14330.0,1175.9885191977676,13797.735721712543,0.1,22.0,390.0,,,6862.0,317347.9215993885,597576.3891449311,0.35,686.0,,,,,,,,,,,,0,
36,22,necessity,125454.20241591969,14626.0,655.6775239656787,20847.069203960426,0.1,23.0,440.0,,,6862.0,458635.5224871294,333181.3200712097,0.35,686.0,,,,,,,,,,,,0,
37,22,necessity,-284472.5196312748,14872.0,1127.5661073035976,12543.396110647765,0.1,22.0,255.0,,,6862.0,288498.1105448986,572970.6301761734,0.35,686.0,,,,,,,,,,,,0,
38,22,necessity,-45651.9627087923,15303.0,655.6775239656787,13069.516243746244,0.1,23.0,1320.0,,,6862.0,287529.3573624174,333181.3200712097,0.35,686.0,,,,,,,,,,,,0,
39,22,necessity,286387.6231557387,14669.0,1139.641480039287,37630.188331943296,0.1,24.0,277.0,,,6862.0,865494.3316346959,579106.7084789572,0.35,686.0,,,,,,,,,,,,0,
40,22,necessity,-509414.70673225075,15078.0,1623.7300057223033,13153.362082120104,0.1,23.0,175.0,,,6862.0,315680.6899708825,825095.3967031332,0.35,686.0,,,,,,,,,,,,0,
41,22,necessity,-295017.25729398266,15589.0,1139.7660496486951,12354.467434843613,0.1,22.0,497.0,,,6862.0,284152.7510014031,579170.0082953857,0.35,686.0,,,,,,,,,,,,0,
15,49,luxury,1346535.5594049282,4.0,3393.561936104778,71573.68874113288,1.0,26.0,387.0,,,229.0,1789342.218528322,442806.6591233938,0.7549999999999999,229.0,,,,,,,,,,,,0,
16,49,luxury,-305667.3926483877,0.0,8617.734384941952,30411.535812015896,1.0,25.0,422.0,,,229.0,790699.9311124133,1096367.323760801,0.7999999999999999,229.0,,,,,,,,,,,,0,
17,49,luxury,1530654.5150283133,0.0,3625.6003590863015,78938.44696606828,1.0,26.0,486.0,,,229.0,1973461.174151707,442806.6591233938,0.875,229.0,,,,,,,,,,,,0,
18,49,luxury,-191590.4512334551,0.0,8545.189340780735,31933.172393490888,1.0,25.0,298.0,,,229.0,830262.4822307631,1021852.9334642182,0.915,229.0,,,,,,,,,,,,0,
19,49,luxury,1514041.6999153947,0.0,3799.629176322444,78273.93436155154,1.0,26.0,587.0,,,229.0,1956848.3590387884,442806.6591233938,0.9650000000000001,229.0,,,,,,,,,,,,0,
20,49,luxury,-206945.67219141242,0.0,9453.677315373447,33465.96466837845,1.0,25.0,119.0,,,229.0,870115.0813778397,1077060.753569252,1.01,229.0,,,,,,,,,,,,0,
21,49,luxury,682180.9414060464,110.0,3915.6483878132053,44999.50402117761,1.0,26.0,791.0,,,229.0,1124987.6005294402,442806.6591233938,1.025,229.0,,,,,,,,,,,,0,
22,49,luxury,203449.89516446413,0.0,10061.605030401879,51054.0309026414,1.0,27.0,124.0,,,229.0,1327404.8034686765,1123954.9083042124,1.0499999999999998,229.0,,,,,,,,,,,,0,
23,49,luxury,-856816.4814741623,105.0,19068.756132369144,46208.85273221604,1.0,26.0,75.0,,,229.0,1247639.023769833,2104455.505243995,1.0749999999999997,229.0,,,,,,,,,,,,0,
17,14,necessity,592767.3072065064,5080.0,44.00195338246346,23678.00843470087,1.0,35.0,37039.0,,,6513.0,805052.2867798297,212284.9795733233,0.35,6513.0,,,,,,,,,,,,0,
18,14,necessity,20823.682259812194,0.0,101.41913102375986,14574.704158939969,1.0,34.0,21814.0,,,6513.0,510114.6455628989,489290.9633030867,0.35,6513.0,,,,,,,,,,,,0,
19,14,necessity,448257.82078442466,0.0,44.00195338246346,19427.729422286706,1.0,35.0,56378.0,,,6513.0,660542.8003577479,212284.9795733233,0.35,6513.0,,,,,,,,,,,,0,
20,14,necessity,-220639.10262243863,0.0,105.13621428652465,8188.134925142414,1.0,34.0,23163.0,,,6513.0,286584.7223799845,507223.82500242314,0.35,6513.0,,,,,,,,,,,,0,
21,14,necessity,472467.18407481175,0.0,44.00195338246346,20139.769519062796,1.0,35.0,47532.0,,,6513.0,684752.163648135,212284.9795733233,0.35,6513.0,,,,,,,,,,,,0,
22,14,necessity,-182908.1639137147,0.0,97.31543012424052,8188.134925142414,1.0,34.0,29558.0,,,6513.0,286584.7223799845,469492.8862936992,0.35,6513.0,,,,,,,,,,,,0,
23,14,necessity,421530.41682585527,0.0,44.00195338246346,18641.629305858194,1.0,35.0,63424.0,,,6513.0,633815.3963991785,212284.9795733233,0.35,6513.0,,,,,,,,,,,,0,
24,14,necessity,-220890.57702315605,0.0,105.18833933503015,8188.134925142414,1.0,34.0,23476.0,,,6513.0,286584.7223799845,507475.29940314055,0.35,6513.0,,,,,,,,,,,,0,
25,14,necessity,472806.67451572814,0.0,44.00195338246346,20149.754532030925,1.0,35.0,44810.0,,,6513.0,685091.6540890514,212284.9795733233,0.35,6513.0,,,,,,,,,,,,0,
26,14,necessity,-211197.22411134047,0.0,103.17912293261317,8188.134925142414,1.0,34.0,31685.0,,,6513.0,286584.7223799845,497781.946491325,0.35,6513.0,,,,,,,,,,,,0,
27,14,necessity,459720.64808678627,0.0,44.00195338246346,19764.871401767927,1.0,35.0,32286.0,,,6513.0,672005.6276601095,212284.9795733233,0.35,6513.0,,,,,,,,,,,,0,
28,14,necessity,-177523.38148787076,0.0,96.19928452716188,8188.134925142414,1.0,34.0,28452.0,,,6513.0,286584.7223799845,464108.1038678553,0.35,6513.0,,,,,,,,,,,,0,
29,14,necessity,414260.96055208205,0.0,44.00195338246346,18427.821768394275,1.0,35.0,49596.0,,,6513.0,626545.9401254053,212284.9795733233,0.35,6513.0,,,,,,,,,,,,0,
30,14,necessity,-186338.5010113737,0.0,98.02646268698099,8188.134925142414,1.0,34.0,21483.0,,,6513.0,286584.7223799845,472923.2233913582,0.35,6513.0,,,,,,,,,,,,0,
31,14,necessity,426161.3719069839,0.0,44.00195338246346,18777.833867067857,1.0,35.0,52991.0,,,6513.0,638446.3514803072,212284.9795733233,0.35,6513.0,,,,,,,,,,,,0,
32,14,necessity,-206908.54282720113,0.0,102.2901747163228,8188.134925142414,1.0,34.0,21228.0,,,6513.0,286584.7223799845,493493.26520718564,0.35,6513.0,,,,,,,,,,,,0,
33,14,necessity,453930.92835408705,0.0,44.00195338246346,19594.585527276773,1.0,35.0,57650.0,,,6513.0,666215.9079274103,212284.9795733233,0.35,6513.0,,,,,,,,,,,,0,
34,14,necessity,-220281.87807123805,0.0,105.06216958453682,8188.134925142414,1.0,34.0,15703.0,,,6513.0,286584.7223799845,506866.60045122256,0.35,6513.0,,,,,,,,,,,,0,
35,14,necessity,471984.930930765,0.0,44.00195338246346,20125.58560306142,1.0,35.0,46897.0,,,6513.0,684269.9105040883,212284.9795733233,0.35,6513.0,,,,,,,,,,,,0,
36,14,necessity,-213643.7468012381,0.0,103.68623265637407,8188.134925142414,1.0,34.0,28416.0,,,6513.0,286584.7223799845,500228.4691812226,0.35,6513.0,,,,,,,,,,,,0,
37,14,necessity,463023.45371764107,0.0,44.00195338246346,19862.012743851894,1.0,35.0,69750.0,,,6513.0,675308.4332909643,212284.9795733233,0.35,6513.0,,,,,,,,,,,,0,
38,14,necessity,-188370.74152151652,0.0,98.44770093176396,8188.134925142414,1.0,34.0,24390.0,,,6513.0,286584.7223799845,474955.46390150103,0.35,6513.0,,,,,,,,,,,,0,
39,14,necessity,428904.89659525536,0.0,44.00195338246346,18858.525769664077,1.0,35.0,52130.0,,,6513.0,641189.8761685786,212284.9795733233,0.35,6513.0,,,,,,,,,,,,0,
40,14,necessity,-192965.11735917407,0.0,99.40001282795396,8188.134925142414,1.0,34.0,26583.0,,,6513.0,286584.7223799845,479549.8397391586,0.35,6513.0,,,,,,,,,,,,0,
41,14,necessity,435107.3039751409,0.0,44.00195338246346,19040.9495161313,1.0,35.0,72683.0,,,6513.0,647392.2835484642,212284.9795733233,0.35,6513.0,,,,,,,,,,,,0,
17,16,necessity,94656.25437597022,0.0,98.45290300783276,20233.87082848782,1.0,30.0,22448.0,,,7303.0,627249.9956831224,532593.7413071522,0.35,7303.0,,,,,,,,,,,,0,
18,16,necessity,461041.0228104436,0.0,47.6854323644515,23966.718355540088,1.0,31.0,51328.0,,,7303.0,719001.5506662027,257960.52785575908,0.35,7303.0,,,,,,,,,,,,0,
19,16,necessity,-176091.6006172184,0.0,96.92684139245016,11233.764921212558,1.0,30.0,4165.0,,,7303.0,348246.7125575893,524338.3131748077,0.35,7303.0,,,,,,,,,,,,0,
20,16,necessity,145739.76654379582,3138.0,47.6854323644515,13456.676479985163,1.0,31.0,47283.0,,,7303.0,403700.2943995549,257960.52785575908,0.35,7303.0,,,,,,,,,,,,0,
21,16,necessity,-17092.752598602558,0.0,95.19623099975199,16060.761268298005,1.0,32.0,23666.0,,,7303.0,497883.59931723814,514976.3519158407,0.35,7303.0,,,,,,,,,,,,0,
22,16,necessity,-38250.55853847333,0.0,135.585739439882,21725.56484347465,1.0,33.0,21806.0,,,7303.0,695218.0749911888,733468.6335296622,0.35,7303.0,,,,,,,,,,,,0,
23,16,necessity,-213142.62571337132,0.0,222.44134313506484,30005.535003922974,1.0,34.0,10574.0,,,7303.0,990182.6551294582,1203325.2808428295,0.35,7303.0,,,,,,,,,,,,0,
24,16,necessity,243421.66142569436,0.0,255.29797081415524,47779.0920269229,1.0,35.0,7831.0,,,7303.0,1624489.1289153786,1381067.4674896842,0.35,7303.0,,,,,,,,,,,,0,
25,16,necessity,173794.20565123716,0.0,312.52543902692065,53269.745167307876,1.0,36.0,8851.0,,,7303.0,1864441.0808557756,1690646.8752045385,0.35,7303.0,,,,,,,,,,,,0,
26,16,necessity,408680.5776348787,0.0,346.3624742550888,63399.25781148893,1.0,37.0,6652.0,,,7303.0,2282373.2812136016,1873692.703578723,0.35,7303.0,,,,,,,,,,,,0,
27,16,necessity,176017.44375837315,651.0,393.3699495876181,62270.35618229326,1.0,36.0,5946.0,,,7303.0,2304003.1787448507,2127985.7349864775,0.35,7303.0,,,,,,,,,,,,0,
28,16,necessity,680848.6325746675,2008.0,306.5143458924352,64971.6033402216,1.0,37.0,6792.0,,,7303.0,2338977.7202479774,1658129.08767331,0.35,7303.0,,,,,,,,,,,,0,
